Archive member included because of file (symbol)

/usr/lib/gcc/avr/4.3.5/avr5/libgcc.a(_exit.o)
                              /usr/lib/gcc/avr/4.3.5/../../../avr/lib/avr5/crtm32u4.o (exit)
/usr/lib/gcc/avr/4.3.5/avr5/libgcc.a(_copy_data.o)
                              classic2usb.o (__do_copy_data)
/usr/lib/gcc/avr/4.3.5/avr5/libgcc.a(_clear_bss.o)
                              classic2usb.o (__do_clear_bss)
/usr/lib/gcc/avr/4.3.5/../../../avr/lib/avr5/libc.a(memcpy_P.o)
                              ../LUFA-110528/LUFA/Drivers/USB/Class/Device/RNDIS.o (memcpy_P)
/usr/lib/gcc/avr/4.3.5/../../../avr/lib/avr5/libc.a(memcmp.o)
                              ../LUFA-110528/LUFA/Drivers/USB/Class/Device/HID.o (memcmp)
/usr/lib/gcc/avr/4.3.5/../../../avr/lib/avr5/libc.a(memcpy.o)
                              ../LUFA-110528/LUFA/Drivers/USB/Class/Device/HID.o (memcpy)
/usr/lib/gcc/avr/4.3.5/../../../avr/lib/avr5/libc.a(memset.o)
                              ../LUFA-110528/LUFA/Drivers/USB/Class/Device/HID.o (memset)
/usr/lib/gcc/avr/4.3.5/../../../avr/lib/avr5/libc.a(eerd_byte_atmega32u4.o)
                              ../LUFA-110528/LUFA/Drivers/USB/Core/EndpointStream.o (__eerd_byte_m32u4)
/usr/lib/gcc/avr/4.3.5/../../../avr/lib/avr5/libc.a(eeupd_byte_atmega32u4.o)
                              ../LUFA-110528/LUFA/Drivers/USB/Core/EndpointStream.o (__eeupd_byte_m32u4)

Allocating common symbols
Common symbol       size              file

USB_IsInitialized   0x1               ../LUFA-110528/LUFA/Drivers/USB/Core/USBTask.o
USB_CurrentlySelfPowered
                    0x1               ../LUFA-110528/LUFA/Drivers/USB/Core/DeviceStandardReq.o
USB_RemoteWakeupEnabled
                    0x1               ../LUFA-110528/LUFA/Drivers/USB/Core/DeviceStandardReq.o
USB_DeviceState     0x1               ../LUFA-110528/LUFA/Drivers/USB/Core/USBTask.o
USB_ControlRequest  0x8               ../LUFA-110528/LUFA/Drivers/USB/Core/USBTask.o
USB_ConfigurationNumber
                    0x1               ../LUFA-110528/LUFA/Drivers/USB/Core/DeviceStandardReq.o

Discarded input sections

 .data          0x0000000000000000        0x0 /usr/lib/gcc/avr/4.3.5/../../../avr/lib/avr5/crtm32u4.o
 .bss           0x0000000000000000        0x0 /usr/lib/gcc/avr/4.3.5/../../../avr/lib/avr5/crtm32u4.o
 .text          0x0000000000000000        0x0 classic2usb.o
 .text          0x0000000000000000        0x0 Descriptors.o
 .data          0x0000000000000000        0x0 Descriptors.o
 .bss           0x0000000000000000        0x0 Descriptors.o
 .text          0x0000000000000000        0x0 ../LUFA-110528/LUFA/Drivers/USB/Core/AVR8/Device_AVR8.o
 .data          0x0000000000000000        0x0 ../LUFA-110528/LUFA/Drivers/USB/Core/AVR8/Device_AVR8.o
 .bss           0x0000000000000000        0x0 ../LUFA-110528/LUFA/Drivers/USB/Core/AVR8/Device_AVR8.o
 .text.USB_Device_SendRemoteWakeup
                0x0000000000000000       0x2e ../LUFA-110528/LUFA/Drivers/USB/Core/AVR8/Device_AVR8.o
 .text          0x0000000000000000        0x0 ../LUFA-110528/LUFA/Drivers/USB/Core/AVR8/Endpoint_AVR8.o
 .data          0x0000000000000000        0x0 ../LUFA-110528/LUFA/Drivers/USB/Core/AVR8/Endpoint_AVR8.o
 .bss           0x0000000000000000        0x0 ../LUFA-110528/LUFA/Drivers/USB/Core/AVR8/Endpoint_AVR8.o
 .text.Endpoint_ClearEndpoints
                0x0000000000000000       0x28 ../LUFA-110528/LUFA/Drivers/USB/Core/AVR8/Endpoint_AVR8.o
 .text          0x0000000000000000        0x0 ../LUFA-110528/LUFA/Drivers/USB/Core/AVR8/Host_AVR8.o
 .data          0x0000000000000000        0x0 ../LUFA-110528/LUFA/Drivers/USB/Core/AVR8/Host_AVR8.o
 .bss           0x0000000000000000        0x0 ../LUFA-110528/LUFA/Drivers/USB/Core/AVR8/Host_AVR8.o
 .text          0x0000000000000000        0x0 ../LUFA-110528/LUFA/Drivers/USB/Core/AVR8/Pipe_AVR8.o
 .data          0x0000000000000000        0x0 ../LUFA-110528/LUFA/Drivers/USB/Core/AVR8/Pipe_AVR8.o
 .bss           0x0000000000000000        0x0 ../LUFA-110528/LUFA/Drivers/USB/Core/AVR8/Pipe_AVR8.o
 .text          0x0000000000000000        0x0 ../LUFA-110528/LUFA/Drivers/USB/Core/AVR8/USBController_AVR8.o
 .data          0x0000000000000000        0x0 ../LUFA-110528/LUFA/Drivers/USB/Core/AVR8/USBController_AVR8.o
 .bss           0x0000000000000000        0x0 ../LUFA-110528/LUFA/Drivers/USB/Core/AVR8/USBController_AVR8.o
 .text.USB_Disable
                0x0000000000000000       0x34 ../LUFA-110528/LUFA/Drivers/USB/Core/AVR8/USBController_AVR8.o
 .text          0x0000000000000000        0x0 ../LUFA-110528/LUFA/Drivers/USB/Core/AVR8/USBInterrupt_AVR8.o
 .data          0x0000000000000000        0x0 ../LUFA-110528/LUFA/Drivers/USB/Core/AVR8/USBInterrupt_AVR8.o
 .bss           0x0000000000000000        0x0 ../LUFA-110528/LUFA/Drivers/USB/Core/AVR8/USBInterrupt_AVR8.o
 .text          0x0000000000000000        0x0 ../LUFA-110528/LUFA/Drivers/USB/Core/ConfigDescriptor.o
 .data          0x0000000000000000        0x0 ../LUFA-110528/LUFA/Drivers/USB/Core/ConfigDescriptor.o
 .bss           0x0000000000000000        0x0 ../LUFA-110528/LUFA/Drivers/USB/Core/ConfigDescriptor.o
 .text.USB_GetNextDescriptorOfType
                0x0000000000000000       0x4e ../LUFA-110528/LUFA/Drivers/USB/Core/ConfigDescriptor.o
 .text.USB_GetNextDescriptorOfTypeBefore
                0x0000000000000000       0x58 ../LUFA-110528/LUFA/Drivers/USB/Core/ConfigDescriptor.o
 .text.USB_GetNextDescriptorOfTypeAfter
                0x0000000000000000       0x34 ../LUFA-110528/LUFA/Drivers/USB/Core/ConfigDescriptor.o
 .text.USB_GetNextDescriptorComp
                0x0000000000000000       0x88 ../LUFA-110528/LUFA/Drivers/USB/Core/ConfigDescriptor.o
 .text          0x0000000000000000        0x0 ../LUFA-110528/LUFA/Drivers/USB/Core/DeviceStandardReq.o
 .data          0x0000000000000000        0x0 ../LUFA-110528/LUFA/Drivers/USB/Core/DeviceStandardReq.o
 .bss           0x0000000000000000        0x0 ../LUFA-110528/LUFA/Drivers/USB/Core/DeviceStandardReq.o
 .text          0x0000000000000000        0x0 ../LUFA-110528/LUFA/Drivers/USB/Core/Events.o
 .data          0x0000000000000000        0x0 ../LUFA-110528/LUFA/Drivers/USB/Core/Events.o
 .bss           0x0000000000000000        0x0 ../LUFA-110528/LUFA/Drivers/USB/Core/Events.o
 .text          0x0000000000000000        0x0 ../LUFA-110528/LUFA/Drivers/USB/Core/EndpointStream.o
 .data          0x0000000000000000        0x0 ../LUFA-110528/LUFA/Drivers/USB/Core/EndpointStream.o
 .bss           0x0000000000000000        0x0 ../LUFA-110528/LUFA/Drivers/USB/Core/EndpointStream.o
 .text.Endpoint_Write_Control_Stream_BE
                0x0000000000000000       0xd4 ../LUFA-110528/LUFA/Drivers/USB/Core/EndpointStream.o
 .text.Endpoint_Read_Control_Stream_BE
                0x0000000000000000       0x9c ../LUFA-110528/LUFA/Drivers/USB/Core/EndpointStream.o
 .text.Endpoint_Write_Control_PStream_BE
                0x0000000000000000       0xd6 ../LUFA-110528/LUFA/Drivers/USB/Core/EndpointStream.o
 .text.Endpoint_Read_Control_EStream_BE
                0x0000000000000000       0xc2 ../LUFA-110528/LUFA/Drivers/USB/Core/EndpointStream.o
 .text.Endpoint_Read_Control_EStream_LE
                0x0000000000000000       0xb0 ../LUFA-110528/LUFA/Drivers/USB/Core/EndpointStream.o
 .text.Endpoint_Write_Control_EStream_BE
                0x0000000000000000       0xfe ../LUFA-110528/LUFA/Drivers/USB/Core/EndpointStream.o
 .text.Endpoint_Write_Control_EStream_LE
                0x0000000000000000       0xf4 ../LUFA-110528/LUFA/Drivers/USB/Core/EndpointStream.o
 .text.Endpoint_Null_Stream
                0x0000000000000000       0x88 ../LUFA-110528/LUFA/Drivers/USB/Core/EndpointStream.o
 .text.Endpoint_Discard_Stream
                0x0000000000000000       0x88 ../LUFA-110528/LUFA/Drivers/USB/Core/EndpointStream.o
 .text.Endpoint_Read_EStream_BE
                0x0000000000000000       0xac ../LUFA-110528/LUFA/Drivers/USB/Core/EndpointStream.o
 .text.Endpoint_Read_EStream_LE
                0x0000000000000000       0xb0 ../LUFA-110528/LUFA/Drivers/USB/Core/EndpointStream.o
 .text.Endpoint_Write_EStream_BE
                0x0000000000000000       0xac ../LUFA-110528/LUFA/Drivers/USB/Core/EndpointStream.o
 .text.Endpoint_Write_EStream_LE
                0x0000000000000000       0xb0 ../LUFA-110528/LUFA/Drivers/USB/Core/EndpointStream.o
 .text.Endpoint_Write_PStream_BE
                0x0000000000000000       0xaa ../LUFA-110528/LUFA/Drivers/USB/Core/EndpointStream.o
 .text.Endpoint_Write_PStream_LE
                0x0000000000000000       0xae ../LUFA-110528/LUFA/Drivers/USB/Core/EndpointStream.o
 .text.Endpoint_Read_Stream_BE
                0x0000000000000000       0xaa ../LUFA-110528/LUFA/Drivers/USB/Core/EndpointStream.o
 .text.Endpoint_Read_Stream_LE
                0x0000000000000000       0xaa ../LUFA-110528/LUFA/Drivers/USB/Core/EndpointStream.o
 .text.Endpoint_Write_Stream_BE
                0x0000000000000000       0xaa ../LUFA-110528/LUFA/Drivers/USB/Core/EndpointStream.o
 .text          0x0000000000000000        0x0 ../LUFA-110528/LUFA/Drivers/USB/Core/HostStandardReq.o
 .data          0x0000000000000000        0x0 ../LUFA-110528/LUFA/Drivers/USB/Core/HostStandardReq.o
 .bss           0x0000000000000000        0x0 ../LUFA-110528/LUFA/Drivers/USB/Core/HostStandardReq.o
 .text          0x0000000000000000        0x0 ../LUFA-110528/LUFA/Drivers/USB/Core/PipeStream.o
 .data          0x0000000000000000        0x0 ../LUFA-110528/LUFA/Drivers/USB/Core/PipeStream.o
 .bss           0x0000000000000000        0x0 ../LUFA-110528/LUFA/Drivers/USB/Core/PipeStream.o
 .text          0x0000000000000000        0x0 ../LUFA-110528/LUFA/Drivers/USB/Core/USBTask.o
 .data          0x0000000000000000        0x0 ../LUFA-110528/LUFA/Drivers/USB/Core/USBTask.o
 .bss           0x0000000000000000        0x0 ../LUFA-110528/LUFA/Drivers/USB/Core/USBTask.o
 .text          0x0000000000000000        0x0 ../LUFA-110528/LUFA/Drivers/USB/Class/Common/HIDParser.o
 .data          0x0000000000000000        0x0 ../LUFA-110528/LUFA/Drivers/USB/Class/Common/HIDParser.o
 .bss           0x0000000000000000        0x0 ../LUFA-110528/LUFA/Drivers/USB/Class/Common/HIDParser.o
 .text.USB_GetHIDReportItemInfo
                0x0000000000000000       0xc4 ../LUFA-110528/LUFA/Drivers/USB/Class/Common/HIDParser.o
 .text.USB_SetHIDReportItemInfo
                0x0000000000000000       0xd0 ../LUFA-110528/LUFA/Drivers/USB/Class/Common/HIDParser.o
 .text.USB_GetHIDReportSize
                0x0000000000000000       0x56 ../LUFA-110528/LUFA/Drivers/USB/Class/Common/HIDParser.o
 .text.USB_ProcessHIDReport
                0x0000000000000000      0x7f0 ../LUFA-110528/LUFA/Drivers/USB/Class/Common/HIDParser.o
 .text          0x0000000000000000        0x0 ../LUFA-110528/LUFA/Drivers/USB/Class/Device/Audio.o
 .data          0x0000000000000000        0x0 ../LUFA-110528/LUFA/Drivers/USB/Class/Device/Audio.o
 .bss           0x0000000000000000        0x0 ../LUFA-110528/LUFA/Drivers/USB/Class/Device/Audio.o
 .text.Audio_Device_ConfigureEndpoints
                0x0000000000000000       0x5c ../LUFA-110528/LUFA/Drivers/USB/Class/Device/Audio.o
 .text.Audio_Device_ProcessControlRequest
                0x0000000000000000       0x50 ../LUFA-110528/LUFA/Drivers/USB/Class/Device/Audio.o
 .text          0x0000000000000000        0x0 ../LUFA-110528/LUFA/Drivers/USB/Class/Device/CDC.o
 .data          0x0000000000000000        0x8 ../LUFA-110528/LUFA/Drivers/USB/Class/Device/CDC.o
 .bss           0x0000000000000000        0x0 ../LUFA-110528/LUFA/Drivers/USB/Class/Device/CDC.o
 .text.CDC_Device_BytesReceived
                0x0000000000000000       0x68 ../LUFA-110528/LUFA/Drivers/USB/Class/Device/CDC.o
 .text.CDC_Device_ReceiveByte
                0x0000000000000000       0x76 ../LUFA-110528/LUFA/Drivers/USB/Class/Device/CDC.o
 .text.CDC_Device_CreateStream
                0x0000000000000000       0x26 ../LUFA-110528/LUFA/Drivers/USB/Class/Device/CDC.o
 .text.CDC_Device_CreateBlockingStream
                0x0000000000000000       0x26 ../LUFA-110528/LUFA/Drivers/USB/Class/Device/CDC.o
 .text.CDC_Device_getchar
                0x0000000000000000       0x18 ../LUFA-110528/LUFA/Drivers/USB/Class/Device/CDC.o
 .text.CDC_Device_Event_Stub
                0x0000000000000000        0x2 ../LUFA-110528/LUFA/Drivers/USB/Class/Device/CDC.o
 .text.CDC_Device_SendControlLineStateChange
                0x0000000000000000       0x8c ../LUFA-110528/LUFA/Drivers/USB/Class/Device/CDC.o
 .text.CDC_Device_SendData
                0x0000000000000000       0x32 ../LUFA-110528/LUFA/Drivers/USB/Class/Device/CDC.o
 .text.CDC_Device_Flush
                0x0000000000000000       0x68 ../LUFA-110528/LUFA/Drivers/USB/Class/Device/CDC.o
 .text.CDC_Device_USBTask
                0x0000000000000000       0x22 ../LUFA-110528/LUFA/Drivers/USB/Class/Device/CDC.o
 .text.CDC_Device_getchar_Blocking
                0x0000000000000000       0x38 ../LUFA-110528/LUFA/Drivers/USB/Class/Device/CDC.o
 .text.CDC_Device_SendByte
                0x0000000000000000       0x4c ../LUFA-110528/LUFA/Drivers/USB/Class/Device/CDC.o
 .text.CDC_Device_putchar
                0x0000000000000000       0x20 ../LUFA-110528/LUFA/Drivers/USB/Class/Device/CDC.o
 .text.CDC_Device_SendString
                0x0000000000000000       0x40 ../LUFA-110528/LUFA/Drivers/USB/Class/Device/CDC.o
 .text.CDC_Device_ConfigureEndpoints
                0x0000000000000000       0x94 ../LUFA-110528/LUFA/Drivers/USB/Class/Device/CDC.o
 .text.CDC_Device_ProcessControlRequest
                0x0000000000000000       0xe8 ../LUFA-110528/LUFA/Drivers/USB/Class/Device/CDC.o
 .text          0x0000000000000000        0x0 ../LUFA-110528/LUFA/Drivers/USB/Class/Device/HID.o
 .data          0x0000000000000000        0x0 ../LUFA-110528/LUFA/Drivers/USB/Class/Device/HID.o
 .bss           0x0000000000000000        0x0 ../LUFA-110528/LUFA/Drivers/USB/Class/Device/HID.o
 .text          0x0000000000000000        0x0 ../LUFA-110528/LUFA/Drivers/USB/Class/Device/MassStorage.o
 .data          0x0000000000000000        0x0 ../LUFA-110528/LUFA/Drivers/USB/Class/Device/MassStorage.o
 .bss           0x0000000000000000        0x0 ../LUFA-110528/LUFA/Drivers/USB/Class/Device/MassStorage.o
 .text.MS_Device_USBTask
                0x0000000000000000      0x254 ../LUFA-110528/LUFA/Drivers/USB/Class/Device/MassStorage.o
 .text.MS_Device_ConfigureEndpoints
                0x0000000000000000       0x78 ../LUFA-110528/LUFA/Drivers/USB/Class/Device/MassStorage.o
 .text.MS_Device_ProcessControlRequest
                0x0000000000000000       0x76 ../LUFA-110528/LUFA/Drivers/USB/Class/Device/MassStorage.o
 .text          0x0000000000000000        0x0 ../LUFA-110528/LUFA/Drivers/USB/Class/Device/MIDI.o
 .data          0x0000000000000000        0x0 ../LUFA-110528/LUFA/Drivers/USB/Class/Device/MIDI.o
 .bss           0x0000000000000000        0x0 ../LUFA-110528/LUFA/Drivers/USB/Class/Device/MIDI.o
 .text.MIDI_Device_ReceiveEventPacket
                0x0000000000000000       0x40 ../LUFA-110528/LUFA/Drivers/USB/Class/Device/MIDI.o
 .text.MIDI_Device_Flush
                0x0000000000000000       0x3e ../LUFA-110528/LUFA/Drivers/USB/Class/Device/MIDI.o
 .text.MIDI_Device_USBTask
                0x0000000000000000       0x12 ../LUFA-110528/LUFA/Drivers/USB/Class/Device/MIDI.o
 .text.MIDI_Device_SendEventPacket
                0x0000000000000000       0x3e ../LUFA-110528/LUFA/Drivers/USB/Class/Device/MIDI.o
 .text.MIDI_Device_ConfigureEndpoints
                0x0000000000000000       0x6a ../LUFA-110528/LUFA/Drivers/USB/Class/Device/MIDI.o
 .text          0x0000000000000000        0x0 ../LUFA-110528/LUFA/Drivers/USB/Class/Device/RNDIS.o
 .data          0x0000000000000000        0x8 ../LUFA-110528/LUFA/Drivers/USB/Class/Device/RNDIS.o
 .bss           0x0000000000000000        0x0 ../LUFA-110528/LUFA/Drivers/USB/Class/Device/RNDIS.o
 .text.RNDIS_Device_IsPacketReceived
                0x0000000000000000       0x34 ../LUFA-110528/LUFA/Drivers/USB/Class/Device/RNDIS.o
 .text.RNDIS_Device_SendPacket
                0x0000000000000000       0xe8 ../LUFA-110528/LUFA/Drivers/USB/Class/Device/RNDIS.o
 .text.RNDIS_Device_USBTask
                0x0000000000000000       0x8c ../LUFA-110528/LUFA/Drivers/USB/Class/Device/RNDIS.o
 .text.RNDIS_Device_ReadPacket
                0x0000000000000000       0xc0 ../LUFA-110528/LUFA/Drivers/USB/Class/Device/RNDIS.o
 .text.RNDIS_Device_ConfigureEndpoints
                0x0000000000000000       0x94 ../LUFA-110528/LUFA/Drivers/USB/Class/Device/RNDIS.o
 .text.RNDIS_Device_ProcessControlRequest
                0x0000000000000000      0x59e ../LUFA-110528/LUFA/Drivers/USB/Class/Device/RNDIS.o
 .progmem.data  0x0000000000000000       0x6c ../LUFA-110528/LUFA/Drivers/USB/Class/Device/RNDIS.o
 .text          0x0000000000000000        0x0 ../LUFA-110528/LUFA/Drivers/USB/Class/Host/CDC.o
 .data          0x0000000000000000        0x0 ../LUFA-110528/LUFA/Drivers/USB/Class/Host/CDC.o
 .bss           0x0000000000000000        0x0 ../LUFA-110528/LUFA/Drivers/USB/Class/Host/CDC.o
 .text          0x0000000000000000        0x0 ../LUFA-110528/LUFA/Drivers/USB/Class/Host/HID.o
 .data          0x0000000000000000        0x0 ../LUFA-110528/LUFA/Drivers/USB/Class/Host/HID.o
 .bss           0x0000000000000000        0x0 ../LUFA-110528/LUFA/Drivers/USB/Class/Host/HID.o
 .text          0x0000000000000000        0x0 ../LUFA-110528/LUFA/Drivers/USB/Class/Host/MassStorage.o
 .data          0x0000000000000000        0x0 ../LUFA-110528/LUFA/Drivers/USB/Class/Host/MassStorage.o
 .bss           0x0000000000000000        0x0 ../LUFA-110528/LUFA/Drivers/USB/Class/Host/MassStorage.o
 .text          0x0000000000000000        0x0 ../LUFA-110528/LUFA/Drivers/USB/Class/Host/MIDI.o
 .data          0x0000000000000000        0x0 ../LUFA-110528/LUFA/Drivers/USB/Class/Host/MIDI.o
 .bss           0x0000000000000000        0x0 ../LUFA-110528/LUFA/Drivers/USB/Class/Host/MIDI.o
 .text          0x0000000000000000        0x0 ../LUFA-110528/LUFA/Drivers/USB/Class/Host/Printer.o
 .data          0x0000000000000000        0x0 ../LUFA-110528/LUFA/Drivers/USB/Class/Host/Printer.o
 .bss           0x0000000000000000        0x0 ../LUFA-110528/LUFA/Drivers/USB/Class/Host/Printer.o
 .text          0x0000000000000000        0x0 ../LUFA-110528/LUFA/Drivers/USB/Class/Host/RNDIS.o
 .data          0x0000000000000000        0x0 ../LUFA-110528/LUFA/Drivers/USB/Class/Host/RNDIS.o
 .bss           0x0000000000000000        0x0 ../LUFA-110528/LUFA/Drivers/USB/Class/Host/RNDIS.o
 .text          0x0000000000000000        0x0 ../LUFA-110528/LUFA/Drivers/USB/Class/Host/StillImage.o
 .data          0x0000000000000000        0x0 ../LUFA-110528/LUFA/Drivers/USB/Class/Host/StillImage.o
 .bss           0x0000000000000000        0x0 ../LUFA-110528/LUFA/Drivers/USB/Class/Host/StillImage.o
 .text          0x0000000000000000        0x0 i2cmaster.o
 .data          0x0000000000000000        0x0 i2cmaster.o
 .bss           0x0000000000000000        0x0 i2cmaster.o
 .text.i2c_rep_start
                0x0000000000000000        0x6 i2cmaster.o
 .text          0x0000000000000000        0x0 wii_classic.o
 .data          0x0000000000000000        0x0 wii_classic.o
 .bss           0x0000000000000000        0x0 wii_classic.o
 .text          0x0000000000000000        0x0 /usr/lib/gcc/avr/4.3.5/avr5/libgcc.a(_exit.o)
 .data          0x0000000000000000        0x0 /usr/lib/gcc/avr/4.3.5/avr5/libgcc.a(_exit.o)
 .bss           0x0000000000000000        0x0 /usr/lib/gcc/avr/4.3.5/avr5/libgcc.a(_exit.o)
 .text.libgcc   0x0000000000000000        0x0 /usr/lib/gcc/avr/4.3.5/avr5/libgcc.a(_exit.o)
 .text          0x0000000000000000        0x0 /usr/lib/gcc/avr/4.3.5/avr5/libgcc.a(_copy_data.o)
 .data          0x0000000000000000        0x0 /usr/lib/gcc/avr/4.3.5/avr5/libgcc.a(_copy_data.o)
 .bss           0x0000000000000000        0x0 /usr/lib/gcc/avr/4.3.5/avr5/libgcc.a(_copy_data.o)
 .text.libgcc   0x0000000000000000        0x0 /usr/lib/gcc/avr/4.3.5/avr5/libgcc.a(_copy_data.o)
 .text          0x0000000000000000        0x0 /usr/lib/gcc/avr/4.3.5/avr5/libgcc.a(_clear_bss.o)
 .data          0x0000000000000000        0x0 /usr/lib/gcc/avr/4.3.5/avr5/libgcc.a(_clear_bss.o)
 .bss           0x0000000000000000        0x0 /usr/lib/gcc/avr/4.3.5/avr5/libgcc.a(_clear_bss.o)
 .text.libgcc   0x0000000000000000        0x0 /usr/lib/gcc/avr/4.3.5/avr5/libgcc.a(_clear_bss.o)
 .text          0x0000000000000000        0x0 /usr/lib/gcc/avr/4.3.5/../../../avr/lib/avr5/libc.a(memcpy_P.o)
 .data          0x0000000000000000        0x0 /usr/lib/gcc/avr/4.3.5/../../../avr/lib/avr5/libc.a(memcpy_P.o)
 .bss           0x0000000000000000        0x0 /usr/lib/gcc/avr/4.3.5/../../../avr/lib/avr5/libc.a(memcpy_P.o)
 .text.avr-libc
                0x0000000000000000       0x12 /usr/lib/gcc/avr/4.3.5/../../../avr/lib/avr5/libc.a(memcpy_P.o)
 .text          0x0000000000000000        0x0 /usr/lib/gcc/avr/4.3.5/../../../avr/lib/avr5/libc.a(memcmp.o)
 .data          0x0000000000000000        0x0 /usr/lib/gcc/avr/4.3.5/../../../avr/lib/avr5/libc.a(memcmp.o)
 .bss           0x0000000000000000        0x0 /usr/lib/gcc/avr/4.3.5/../../../avr/lib/avr5/libc.a(memcmp.o)
 .text          0x0000000000000000        0x0 /usr/lib/gcc/avr/4.3.5/../../../avr/lib/avr5/libc.a(memcpy.o)
 .data          0x0000000000000000        0x0 /usr/lib/gcc/avr/4.3.5/../../../avr/lib/avr5/libc.a(memcpy.o)
 .bss           0x0000000000000000        0x0 /usr/lib/gcc/avr/4.3.5/../../../avr/lib/avr5/libc.a(memcpy.o)
 .text          0x0000000000000000        0x0 /usr/lib/gcc/avr/4.3.5/../../../avr/lib/avr5/libc.a(memset.o)
 .data          0x0000000000000000        0x0 /usr/lib/gcc/avr/4.3.5/../../../avr/lib/avr5/libc.a(memset.o)
 .bss           0x0000000000000000        0x0 /usr/lib/gcc/avr/4.3.5/../../../avr/lib/avr5/libc.a(memset.o)
 .text          0x0000000000000000        0x0 /usr/lib/gcc/avr/4.3.5/../../../avr/lib/avr5/libc.a(eerd_byte_atmega32u4.o)
 .data          0x0000000000000000        0x0 /usr/lib/gcc/avr/4.3.5/../../../avr/lib/avr5/libc.a(eerd_byte_atmega32u4.o)
 .bss           0x0000000000000000        0x0 /usr/lib/gcc/avr/4.3.5/../../../avr/lib/avr5/libc.a(eerd_byte_atmega32u4.o)
 .text.avr-libc
                0x0000000000000000       0x10 /usr/lib/gcc/avr/4.3.5/../../../avr/lib/avr5/libc.a(eerd_byte_atmega32u4.o)
 .text          0x0000000000000000        0x0 /usr/lib/gcc/avr/4.3.5/../../../avr/lib/avr5/libc.a(eeupd_byte_atmega32u4.o)
 .data          0x0000000000000000        0x0 /usr/lib/gcc/avr/4.3.5/../../../avr/lib/avr5/libc.a(eeupd_byte_atmega32u4.o)
 .bss           0x0000000000000000        0x0 /usr/lib/gcc/avr/4.3.5/../../../avr/lib/avr5/libc.a(eeupd_byte_atmega32u4.o)
 .text.avr-libc
                0x0000000000000000       0x24 /usr/lib/gcc/avr/4.3.5/../../../avr/lib/avr5/libc.a(eeupd_byte_atmega32u4.o)

Memory Configuration

Name             Origin             Length             Attributes
text             0x0000000000000000 0x0000000000020000 xr
data             0x0000000000800060 0x000000000000ffa0 rw !x
eeprom           0x0000000000810000 0x0000000000010000 rw !x
fuse             0x0000000000820000 0x0000000000000400 rw !x
lock             0x0000000000830000 0x0000000000000400 rw !x
signature        0x0000000000840000 0x0000000000000400 rw !x
*default*        0x0000000000000000 0xffffffffffffffff

Linker script and memory map

Address of section .data set to 0x800100
LOAD /usr/lib/gcc/avr/4.3.5/../../../avr/lib/avr5/crtm32u4.o
LOAD classic2usb.o
LOAD Descriptors.o
LOAD ../LUFA-110528/LUFA/Drivers/USB/Core/AVR8/Device_AVR8.o
LOAD ../LUFA-110528/LUFA/Drivers/USB/Core/AVR8/Endpoint_AVR8.o
LOAD ../LUFA-110528/LUFA/Drivers/USB/Core/AVR8/Host_AVR8.o
LOAD ../LUFA-110528/LUFA/Drivers/USB/Core/AVR8/Pipe_AVR8.o
LOAD ../LUFA-110528/LUFA/Drivers/USB/Core/AVR8/USBController_AVR8.o
LOAD ../LUFA-110528/LUFA/Drivers/USB/Core/AVR8/USBInterrupt_AVR8.o
LOAD ../LUFA-110528/LUFA/Drivers/USB/Core/ConfigDescriptor.o
LOAD ../LUFA-110528/LUFA/Drivers/USB/Core/DeviceStandardReq.o
LOAD ../LUFA-110528/LUFA/Drivers/USB/Core/Events.o
LOAD ../LUFA-110528/LUFA/Drivers/USB/Core/EndpointStream.o
LOAD ../LUFA-110528/LUFA/Drivers/USB/Core/HostStandardReq.o
LOAD ../LUFA-110528/LUFA/Drivers/USB/Core/PipeStream.o
LOAD ../LUFA-110528/LUFA/Drivers/USB/Core/USBTask.o
LOAD ../LUFA-110528/LUFA/Drivers/USB/Class/Common/HIDParser.o
LOAD ../LUFA-110528/LUFA/Drivers/USB/Class/Device/Audio.o
LOAD ../LUFA-110528/LUFA/Drivers/USB/Class/Device/CDC.o
LOAD ../LUFA-110528/LUFA/Drivers/USB/Class/Device/HID.o
LOAD ../LUFA-110528/LUFA/Drivers/USB/Class/Device/MassStorage.o
LOAD ../LUFA-110528/LUFA/Drivers/USB/Class/Device/MIDI.o
LOAD ../LUFA-110528/LUFA/Drivers/USB/Class/Device/RNDIS.o
LOAD ../LUFA-110528/LUFA/Drivers/USB/Class/Host/CDC.o
LOAD ../LUFA-110528/LUFA/Drivers/USB/Class/Host/HID.o
LOAD ../LUFA-110528/LUFA/Drivers/USB/Class/Host/MassStorage.o
LOAD ../LUFA-110528/LUFA/Drivers/USB/Class/Host/MIDI.o
LOAD ../LUFA-110528/LUFA/Drivers/USB/Class/Host/Printer.o
LOAD ../LUFA-110528/LUFA/Drivers/USB/Class/Host/RNDIS.o
LOAD ../LUFA-110528/LUFA/Drivers/USB/Class/Host/StillImage.o
LOAD i2cmaster.o
LOAD wii_classic.o
LOAD /usr/lib/gcc/avr/4.3.5/../../../avr/lib/avr5/libm.a
LOAD /usr/lib/gcc/avr/4.3.5/avr5/libgcc.a
LOAD /usr/lib/gcc/avr/4.3.5/../../../avr/lib/avr5/libc.a
LOAD /usr/lib/gcc/avr/4.3.5/avr5/libgcc.a

.hash
 *(.hash)

.dynsym
 *(.dynsym)

.dynstr
 *(.dynstr)

.gnu.version
 *(.gnu.version)

.gnu.version_d
 *(.gnu.version_d)

.gnu.version_r
 *(.gnu.version_r)

.rel.init
 *(.rel.init)

.rela.init
 *(.rela.init)

.rel.text
 *(.rel.text)
 *(.rel.text.*)
 *(.rel.gnu.linkonce.t*)

.rela.text
 *(.rela.text)
 *(.rela.text.*)
 *(.rela.gnu.linkonce.t*)

.rel.fini
 *(.rel.fini)

.rela.fini
 *(.rela.fini)

.rel.rodata
 *(.rel.rodata)
 *(.rel.rodata.*)
 *(.rel.gnu.linkonce.r*)

.rela.rodata
 *(.rela.rodata)
 *(.rela.rodata.*)
 *(.rela.gnu.linkonce.r*)

.rel.data
 *(.rel.data)
 *(.rel.data.*)
 *(.rel.gnu.linkonce.d*)

.rela.data
 *(.rela.data)
 *(.rela.data.*)
 *(.rela.gnu.linkonce.d*)

.rel.ctors
 *(.rel.ctors)

.rela.ctors
 *(.rela.ctors)

.rel.dtors
 *(.rel.dtors)

.rela.dtors
 *(.rela.dtors)

.rel.got
 *(.rel.got)

.rela.got
 *(.rela.got)

.rel.bss
 *(.rel.bss)

.rela.bss
 *(.rela.bss)

.rel.plt
 *(.rel.plt)

.rela.plt
 *(.rela.plt)

.text           0x0000000000000000     0x12e4
 *(.vectors)
 .vectors       0x0000000000000000       0xac /usr/lib/gcc/avr/4.3.5/../../../avr/lib/avr5/crtm32u4.o
                0x0000000000000000                __vectors
                0x0000000000000000                __vector_default
 *(.vectors)
 *(.progmem.gcc*)
 *(.progmem*)
 .progmem.data  0x00000000000000ac       0x90 Descriptors.o
                0x00000000000000ac                JoystickReport
                0x00000000000000de                DeviceDescriptor
                0x00000000000000f0                ConfigurationDescriptor
                0x0000000000000112                LanguageString
                0x0000000000000116                ManufacturerString
                0x0000000000000122                ProductString
                0x000000000000013c                . = ALIGN (0x2)
                0x000000000000013c                __trampolines_start = .
 *(.trampolines)
 .trampolines   0x000000000000013c        0x0 linker stubs
 *(.trampolines*)
                0x000000000000013c                __trampolines_end = .
 *(.jumptables)
 *(.jumptables*)
 *(.lowtext)
 *(.lowtext*)
                0x000000000000013c                __ctors_start = .
 *(.ctors)
                0x000000000000013c                __ctors_end = .
                0x000000000000013c                __dtors_start = .
 *(.dtors)
                0x000000000000013c                __dtors_end = .
 SORT(*)(.ctors)
 SORT(*)(.dtors)
 *(.init0)
 .init0         0x000000000000013c        0x0 /usr/lib/gcc/avr/4.3.5/../../../avr/lib/avr5/crtm32u4.o
                0x000000000000013c                __init
 *(.init0)
 *(.init1)
 *(.init1)
 *(.init2)
 .init2         0x000000000000013c        0xc /usr/lib/gcc/avr/4.3.5/../../../avr/lib/avr5/crtm32u4.o
 *(.init2)
 *(.init3)
 *(.init3)
 *(.init4)
 .init4         0x0000000000000148       0x16 /usr/lib/gcc/avr/4.3.5/avr5/libgcc.a(_copy_data.o)
                0x0000000000000148                __do_copy_data
 .init4         0x000000000000015e       0x10 /usr/lib/gcc/avr/4.3.5/avr5/libgcc.a(_clear_bss.o)
                0x000000000000015e                __do_clear_bss
 *(.init4)
 *(.init5)
 *(.init5)
 *(.init6)
 *(.init6)
 *(.init7)
 *(.init7)
 *(.init8)
 *(.init8)
 *(.init9)
 .init9         0x000000000000016e        0x6 /usr/lib/gcc/avr/4.3.5/../../../avr/lib/avr5/crtm32u4.o
 *(.init9)
 *(.text)
 .text          0x0000000000000174        0x2 /usr/lib/gcc/avr/4.3.5/../../../avr/lib/avr5/crtm32u4.o
                0x0000000000000174                __vector_38
                0x0000000000000174                __vector_22
                0x0000000000000174                __vector_28
                0x0000000000000174                __vector_1
                0x0000000000000174                __vector_32
                0x0000000000000174                __vector_34
                0x0000000000000174                __vector_24
                0x0000000000000174                __vector_12
                0x0000000000000174                __bad_interrupt
                0x0000000000000174                __vector_6
                0x0000000000000174                __vector_31
                0x0000000000000174                __vector_35
                0x0000000000000174                __vector_39
                0x0000000000000174                __vector_3
                0x0000000000000174                __vector_23
                0x0000000000000174                __vector_30
                0x0000000000000174                __vector_25
                0x0000000000000174                __vector_11
                0x0000000000000174                __vector_13
                0x0000000000000174                __vector_17
                0x0000000000000174                __vector_19
                0x0000000000000174                __vector_7
                0x0000000000000174                __vector_41
                0x0000000000000174                __vector_27
                0x0000000000000174                __vector_5
                0x0000000000000174                __vector_33
                0x0000000000000174                __vector_37
                0x0000000000000174                __vector_4
                0x0000000000000174                __vector_9
                0x0000000000000174                __vector_2
                0x0000000000000174                __vector_21
                0x0000000000000174                __vector_15
                0x0000000000000174                __vector_36
                0x0000000000000174                __vector_29
                0x0000000000000174                __vector_40
                0x0000000000000174                __vector_8
                0x0000000000000174                __vector_26
                0x0000000000000174                __vector_14
                0x0000000000000174                __vector_16
                0x0000000000000174                __vector_18
                0x0000000000000174                __vector_20
                0x0000000000000174                __vector_42
                0x0000000000000176                . = ALIGN (0x2)
 *(.text.*)
 .text.EVENT_USB_Device_Connect
                0x0000000000000176        0x4 classic2usb.o
                0x0000000000000176                EVENT_USB_Device_Connect
 .text.EVENT_USB_Device_Disconnect
                0x000000000000017a        0x4 classic2usb.o
                0x000000000000017a                EVENT_USB_Device_Disconnect
 .text.EVENT_USB_Device_StartOfFrame
                0x000000000000017e       0x18 classic2usb.o
                0x000000000000017e                EVENT_USB_Device_StartOfFrame
 .text.CALLBACK_HID_Device_ProcessHIDReport
                0x0000000000000196        0x2 classic2usb.o
                0x0000000000000196                CALLBACK_HID_Device_ProcessHIDReport
 .text.CALLBACK_HID_Device_CreateHIDReport
                0x0000000000000198       0x86 classic2usb.o
                0x0000000000000198                CALLBACK_HID_Device_CreateHIDReport
 .text.EVENT_USB_Device_ControlRequest
                0x000000000000021e        0x6 classic2usb.o
                0x000000000000021e                EVENT_USB_Device_ControlRequest
 .text.EVENT_USB_Device_ConfigurationChanged
                0x0000000000000224       0x26 classic2usb.o
                0x0000000000000224                EVENT_USB_Device_ConfigurationChanged
 .text.SetupHardware
                0x000000000000024a       0x32 classic2usb.o
                0x000000000000024a                SetupHardware
 .text.main     0x000000000000027c       0x10 classic2usb.o
                0x000000000000027c                main
 .text.CALLBACK_USB_GetDescriptor
                0x000000000000028c       0x80 Descriptors.o
                0x000000000000028c                CALLBACK_USB_GetDescriptor
 .text.Endpoint_ConfigureEndpoint_Prv
                0x000000000000030c       0x6a ../LUFA-110528/LUFA/Drivers/USB/Core/AVR8/Endpoint_AVR8.o
                0x000000000000030c                Endpoint_ConfigureEndpoint_Prv
 .text.Endpoint_ClearStatusStage
                0x0000000000000376       0x42 ../LUFA-110528/LUFA/Drivers/USB/Core/AVR8/Endpoint_AVR8.o
                0x0000000000000376                Endpoint_ClearStatusStage
 .text.Endpoint_WaitUntilReady
                0x00000000000003b8       0x64 ../LUFA-110528/LUFA/Drivers/USB/Core/AVR8/Endpoint_AVR8.o
                0x00000000000003b8                Endpoint_WaitUntilReady
 .text.USB_ResetInterface
                0x000000000000041c       0x88 ../LUFA-110528/LUFA/Drivers/USB/Core/AVR8/USBController_AVR8.o
                0x000000000000041c                USB_ResetInterface
 .text.USB_Init
                0x00000000000004a4       0x16 ../LUFA-110528/LUFA/Drivers/USB/Core/AVR8/USBController_AVR8.o
                0x00000000000004a4                USB_Init
 .text.USB_INT_DisableAllInterrupts
                0x00000000000004ba       0x10 ../LUFA-110528/LUFA/Drivers/USB/Core/AVR8/USBInterrupt_AVR8.o
                0x00000000000004ba                USB_INT_DisableAllInterrupts
 .text.USB_INT_ClearAllInterrupts
                0x00000000000004ca        0xa ../LUFA-110528/LUFA/Drivers/USB/Core/AVR8/USBInterrupt_AVR8.o
                0x00000000000004ca                USB_INT_ClearAllInterrupts
 .text.__vector_10
                0x00000000000004d4      0x18c ../LUFA-110528/LUFA/Drivers/USB/Core/AVR8/USBInterrupt_AVR8.o
                0x00000000000004d4                __vector_10
 .text.USB_Device_ProcessControlRequest
                0x0000000000000660      0x308 ../LUFA-110528/LUFA/Drivers/USB/Core/DeviceStandardReq.o
                0x0000000000000660                USB_Device_ProcessControlRequest
 .text.USB_Event_Stub
                0x0000000000000968        0x2 ../LUFA-110528/LUFA/Drivers/USB/Core/Events.o
                0x0000000000000968                EVENT_USB_Device_WakeUp
                0x0000000000000968                USB_Event_Stub
                0x0000000000000968                EVENT_USB_Device_Suspend
                0x0000000000000968                EVENT_USB_Device_Reset
 .text.Endpoint_Write_Control_Stream_LE
                0x000000000000096a       0xcc ../LUFA-110528/LUFA/Drivers/USB/Core/EndpointStream.o
                0x000000000000096a                Endpoint_Write_Control_Stream_LE
 .text.Endpoint_Read_Control_Stream_LE
                0x0000000000000a36       0x8c ../LUFA-110528/LUFA/Drivers/USB/Core/EndpointStream.o
                0x0000000000000a36                Endpoint_Read_Control_Stream_LE
 .text.Endpoint_Write_Control_PStream_LE
                0x0000000000000ac2       0xd0 ../LUFA-110528/LUFA/Drivers/USB/Core/EndpointStream.o
                0x0000000000000ac2                Endpoint_Write_Control_PStream_LE
 .text.Endpoint_Write_Stream_LE
                0x0000000000000b92       0xa4 ../LUFA-110528/LUFA/Drivers/USB/Core/EndpointStream.o
                0x0000000000000b92                Endpoint_Write_Stream_LE
 .text.USB_USBTask
                0x0000000000000c36       0x26 ../LUFA-110528/LUFA/Drivers/USB/Core/USBTask.o
                0x0000000000000c36                USB_USBTask
 .text.HID_Device_USBTask
                0x0000000000000c5c      0x174 ../LUFA-110528/LUFA/Drivers/USB/Class/Device/HID.o
                0x0000000000000c5c                HID_Device_USBTask
 .text.HID_Device_ConfigureEndpoints
                0x0000000000000dd0       0x70 ../LUFA-110528/LUFA/Drivers/USB/Class/Device/HID.o
                0x0000000000000dd0                HID_Device_ConfigureEndpoints
 .text.HID_Device_ProcessControlRequest
                0x0000000000000e40      0x274 ../LUFA-110528/LUFA/Drivers/USB/Class/Device/HID.o
                0x0000000000000e40                HID_Device_ProcessControlRequest
 .text.i2c_init
                0x00000000000010b4        0xc i2cmaster.o
                0x00000000000010b4                i2c_init
 .text.i2c_start
                0x00000000000010c0       0x4c i2cmaster.o
                0x00000000000010c0                i2c_start
 .text.i2c_start_wait
                0x000000000000110c       0x50 i2cmaster.o
                0x000000000000110c                i2c_start_wait
 .text.i2c_stop
                0x000000000000115c       0x10 i2cmaster.o
                0x000000000000115c                i2c_stop
 .text.i2c_write
                0x000000000000116c       0x24 i2cmaster.o
                0x000000000000116c                i2c_write
 .text.i2c_readAck
                0x0000000000001190       0x14 i2cmaster.o
                0x0000000000001190                i2c_readAck
 .text.i2c_readNak
                0x00000000000011a4       0x14 i2cmaster.o
                0x00000000000011a4                i2c_readNak
 .text.classic_maj_data
                0x00000000000011b8       0xd0 wii_classic.o
                0x00000000000011b8                classic_maj_data
 .text.classic_init
                0x0000000000001288       0x1e wii_classic.o
                0x0000000000001288                classic_init
 .text.avr-libc
                0x00000000000012a6       0x1a /usr/lib/gcc/avr/4.3.5/../../../avr/lib/avr5/libc.a(memcmp.o)
                0x00000000000012a6                memcmp
 .text.avr-libc
                0x00000000000012c0       0x12 /usr/lib/gcc/avr/4.3.5/../../../avr/lib/avr5/libc.a(memcpy.o)
                0x00000000000012c0                memcpy
 .text.avr-libc
                0x00000000000012d2        0xe /usr/lib/gcc/avr/4.3.5/../../../avr/lib/avr5/libc.a(memset.o)
                0x00000000000012d2                memset
                0x00000000000012e0                . = ALIGN (0x2)
 *(.fini9)
 .fini9         0x00000000000012e0        0x0 /usr/lib/gcc/avr/4.3.5/avr5/libgcc.a(_exit.o)
                0x00000000000012e0                exit
                0x00000000000012e0                _exit
 *(.fini9)
 *(.fini8)
 *(.fini8)
 *(.fini7)
 *(.fini7)
 *(.fini6)
 *(.fini6)
 *(.fini5)
 *(.fini5)
 *(.fini4)
 *(.fini4)
 *(.fini3)
 *(.fini3)
 *(.fini2)
 *(.fini2)
 *(.fini1)
 *(.fini1)
 *(.fini0)
 .fini0         0x00000000000012e0        0x4 /usr/lib/gcc/avr/4.3.5/avr5/libgcc.a(_exit.o)
 *(.fini0)
                0x00000000000012e4                _etext = .

.data           0x0000000000800100        0xe load address 0x00000000000012e4
                0x0000000000800100                PROVIDE (__data_start, .)
 *(.data)
 .data          0x0000000000800100        0xd classic2usb.o
                0x0000000000800100                Joystick_HID_Interface
 *(.data*)
 *(.rodata)
 *(.rodata*)
 *(.gnu.linkonce.d*)
                0x000000000080010e                . = ALIGN (0x2)
 *fill*         0x000000000080010d        0x1 00
                0x000000000080010e                _edata = .
                0x000000000080010e                PROVIDE (__data_end, .)

.bss            0x000000000080010e       0x11
                0x000000000080010e                PROVIDE (__bss_start, .)
 *(.bss)
 .bss           0x000000000080010e        0x4 classic2usb.o
 *(.bss*)
 *(COMMON)
 COMMON         0x0000000000800112        0x3 ../LUFA-110528/LUFA/Drivers/USB/Core/DeviceStandardReq.o
                0x0000000000800112                USB_CurrentlySelfPowered
                0x0000000000800113                USB_RemoteWakeupEnabled
                0x0000000000800114                USB_ConfigurationNumber
 COMMON         0x0000000000800115        0xa ../LUFA-110528/LUFA/Drivers/USB/Core/USBTask.o
                0x0000000000800115                USB_IsInitialized
                0x0000000000800116                USB_DeviceState
                0x0000000000800117                USB_ControlRequest
                0x000000000080011f                PROVIDE (__bss_end, .)
                0x00000000000012e4                __data_load_start = LOADADDR (.data)
                0x00000000000012f2                __data_load_end = (__data_load_start + SIZEOF (.data))

.noinit         0x000000000080011f        0x0
                0x000000000080011f                PROVIDE (__noinit_start, .)
 *(.noinit*)
                0x000000000080011f                PROVIDE (__noinit_end, .)
                0x000000000080011f                _end = .
                0x000000000080011f                PROVIDE (__heap_start, .)

.eeprom         0x0000000000810000        0x0
 *(.eeprom*)
                0x0000000000810000                __eeprom_end = .

.fuse
 *(.fuse)
 *(.lfuse)
 *(.hfuse)
 *(.efuse)

.lock
 *(.lock*)

.signature
 *(.signature*)

.stab           0x0000000000000000      0xa80
 *(.stab)
 .stab          0x0000000000000000      0x6b4 /usr/lib/gcc/avr/4.3.5/../../../avr/lib/avr5/crtm32u4.o
 .stab          0x00000000000006b4       0x84 /usr/lib/gcc/avr/4.3.5/../../../avr/lib/avr5/libc.a(memcpy_P.o)
                                         0x90 (size before relaxing)
 .stab          0x0000000000000738       0xb4 /usr/lib/gcc/avr/4.3.5/../../../avr/lib/avr5/libc.a(memcmp.o)
                                         0xc0 (size before relaxing)
 .stab          0x00000000000007ec       0x84 /usr/lib/gcc/avr/4.3.5/../../../avr/lib/avr5/libc.a(memcpy.o)
                                         0x90 (size before relaxing)
 .stab          0x0000000000000870       0x6c /usr/lib/gcc/avr/4.3.5/../../../avr/lib/avr5/libc.a(memset.o)
                                         0x78 (size before relaxing)
 .stab          0x00000000000008dc       0x90 /usr/lib/gcc/avr/4.3.5/../../../avr/lib/avr5/libc.a(eerd_byte_atmega32u4.o)
                                         0x9c (size before relaxing)
 .stab          0x000000000000096c      0x114 /usr/lib/gcc/avr/4.3.5/../../../avr/lib/avr5/libc.a(eeupd_byte_atmega32u4.o)
                                        0x120 (size before relaxing)

.stabstr        0x0000000000000000      0x16f
 *(.stabstr)
 .stabstr       0x0000000000000000      0x16f /usr/lib/gcc/avr/4.3.5/../../../avr/lib/avr5/crtm32u4.o

.stab.excl
 *(.stab.excl)

.stab.exclstr
 *(.stab.exclstr)

.stab.index
 *(.stab.index)

.stab.indexstr
 *(.stab.indexstr)

.comment
 *(.comment)

.debug
 *(.debug)

.line
 *(.line)

.debug_srcinfo
 *(.debug_srcinfo)

.debug_sfnames
 *(.debug_sfnames)

.debug_aranges  0x0000000000000000      0x4f8
 *(.debug_aranges)
 .debug_aranges
                0x0000000000000000       0x60 classic2usb.o
 .debug_aranges
                0x0000000000000060       0x20 Descriptors.o
 .debug_aranges
                0x0000000000000080       0x20 ../LUFA-110528/LUFA/Drivers/USB/Core/AVR8/Device_AVR8.o
 .debug_aranges
                0x00000000000000a0       0x38 ../LUFA-110528/LUFA/Drivers/USB/Core/AVR8/Endpoint_AVR8.o
 .debug_aranges
                0x00000000000000d8       0x30 ../LUFA-110528/LUFA/Drivers/USB/Core/AVR8/USBController_AVR8.o
 .debug_aranges
                0x0000000000000108       0x30 ../LUFA-110528/LUFA/Drivers/USB/Core/AVR8/USBInterrupt_AVR8.o
 .debug_aranges
                0x0000000000000138       0x38 ../LUFA-110528/LUFA/Drivers/USB/Core/ConfigDescriptor.o
 .debug_aranges
                0x0000000000000170       0x20 ../LUFA-110528/LUFA/Drivers/USB/Core/DeviceStandardReq.o
 .debug_aranges
                0x0000000000000190       0x20 ../LUFA-110528/LUFA/Drivers/USB/Core/Events.o
 .debug_aranges
                0x00000000000001b0       0xc8 ../LUFA-110528/LUFA/Drivers/USB/Core/EndpointStream.o
 .debug_aranges
                0x0000000000000278       0x20 ../LUFA-110528/LUFA/Drivers/USB/Core/USBTask.o
 .debug_aranges
                0x0000000000000298       0x38 ../LUFA-110528/LUFA/Drivers/USB/Class/Common/HIDParser.o
 .debug_aranges
                0x00000000000002d0       0x28 ../LUFA-110528/LUFA/Drivers/USB/Class/Device/Audio.o
 .debug_aranges
                0x00000000000002f8       0x98 ../LUFA-110528/LUFA/Drivers/USB/Class/Device/CDC.o
 .debug_aranges
                0x0000000000000390       0x30 ../LUFA-110528/LUFA/Drivers/USB/Class/Device/HID.o
 .debug_aranges
                0x00000000000003c0       0x30 ../LUFA-110528/LUFA/Drivers/USB/Class/Device/MassStorage.o
 .debug_aranges
                0x00000000000003f0       0x40 ../LUFA-110528/LUFA/Drivers/USB/Class/Device/MIDI.o
 .debug_aranges
                0x0000000000000430       0x48 ../LUFA-110528/LUFA/Drivers/USB/Class/Device/RNDIS.o
 .debug_aranges
                0x0000000000000478       0x58 i2cmaster.o
 .debug_aranges
                0x00000000000004d0       0x28 wii_classic.o

.debug_pubnames
                0x0000000000000000      0xd68
 *(.debug_pubnames)
 .debug_pubnames
                0x0000000000000000      0x146 classic2usb.o
 .debug_pubnames
                0x0000000000000146       0xb1 Descriptors.o
 .debug_pubnames
                0x00000000000001f7       0x32 ../LUFA-110528/LUFA/Drivers/USB/Core/AVR8/Device_AVR8.o
 .debug_pubnames
                0x0000000000000229       0x8b ../LUFA-110528/LUFA/Drivers/USB/Core/AVR8/Endpoint_AVR8.o
 .debug_pubnames
                0x00000000000002b4       0x46 ../LUFA-110528/LUFA/Drivers/USB/Core/AVR8/USBController_AVR8.o
 .debug_pubnames
                0x00000000000002fa       0x62 ../LUFA-110528/LUFA/Drivers/USB/Core/AVR8/USBInterrupt_AVR8.o
 .debug_pubnames
                0x000000000000035c       0x9b ../LUFA-110528/LUFA/Drivers/USB/Core/ConfigDescriptor.o
 .debug_pubnames
                0x00000000000003f7       0x8c ../LUFA-110528/LUFA/Drivers/USB/Core/DeviceStandardReq.o
 .debug_pubnames
                0x0000000000000483       0x25 ../LUFA-110528/LUFA/Drivers/USB/Core/Events.o
 .debug_pubnames
                0x00000000000004a8      0x2df ../LUFA-110528/LUFA/Drivers/USB/Core/EndpointStream.o
 .debug_pubnames
                0x0000000000000787       0x63 ../LUFA-110528/LUFA/Drivers/USB/Core/USBTask.o
 .debug_pubnames
                0x00000000000007ea       0x7e ../LUFA-110528/LUFA/Drivers/USB/Class/Common/HIDParser.o
 .debug_pubnames
                0x0000000000000868       0x5d ../LUFA-110528/LUFA/Drivers/USB/Class/Device/Audio.o
 .debug_pubnames
                0x00000000000008c5      0x18b ../LUFA-110528/LUFA/Drivers/USB/Class/Device/CDC.o
 .debug_pubnames
                0x0000000000000a50       0x70 ../LUFA-110528/LUFA/Drivers/USB/Class/Device/HID.o
 .debug_pubnames
                0x0000000000000ac0       0x6d ../LUFA-110528/LUFA/Drivers/USB/Class/Device/MassStorage.o
 .debug_pubnames
                0x0000000000000b2d       0xa6 ../LUFA-110528/LUFA/Drivers/USB/Class/Device/MIDI.o
 .debug_pubnames
                0x0000000000000bd3       0xd0 ../LUFA-110528/LUFA/Drivers/USB/Class/Device/RNDIS.o
 .debug_pubnames
                0x0000000000000ca3       0x8d i2cmaster.o
 .debug_pubnames
                0x0000000000000d30       0x38 wii_classic.o

.debug_info     0x0000000000000000     0x80c1
 *(.debug_info)
 .debug_info    0x0000000000000000      0x60e classic2usb.o
 .debug_info    0x000000000000060e      0x635 Descriptors.o
 .debug_info    0x0000000000000c43       0xc4 ../LUFA-110528/LUFA/Drivers/USB/Core/AVR8/Device_AVR8.o
 .debug_info    0x0000000000000d07      0x44d ../LUFA-110528/LUFA/Drivers/USB/Core/AVR8/Endpoint_AVR8.o
 .debug_info    0x0000000000001154        0x0 ../LUFA-110528/LUFA/Drivers/USB/Core/AVR8/Host_AVR8.o
 .debug_info    0x0000000000001154        0x0 ../LUFA-110528/LUFA/Drivers/USB/Core/AVR8/Pipe_AVR8.o
 .debug_info    0x0000000000001154      0x4bf ../LUFA-110528/LUFA/Drivers/USB/Core/AVR8/USBController_AVR8.o
 .debug_info    0x0000000000001613      0x56d ../LUFA-110528/LUFA/Drivers/USB/Core/AVR8/USBInterrupt_AVR8.o
 .debug_info    0x0000000000001b80      0x34e ../LUFA-110528/LUFA/Drivers/USB/Core/ConfigDescriptor.o
 .debug_info    0x0000000000001ece      0xa67 ../LUFA-110528/LUFA/Drivers/USB/Core/DeviceStandardReq.o
 .debug_info    0x0000000000002935       0x79 ../LUFA-110528/LUFA/Drivers/USB/Core/Events.o
 .debug_info    0x00000000000029ae     0x157b ../LUFA-110528/LUFA/Drivers/USB/Core/EndpointStream.o
 .debug_info    0x0000000000003f29        0x0 ../LUFA-110528/LUFA/Drivers/USB/Core/HostStandardReq.o
 .debug_info    0x0000000000003f29        0x0 ../LUFA-110528/LUFA/Drivers/USB/Core/PipeStream.o
 .debug_info    0x0000000000003f29      0x23b ../LUFA-110528/LUFA/Drivers/USB/Core/USBTask.o
 .debug_info    0x0000000000004164      0x6f5 ../LUFA-110528/LUFA/Drivers/USB/Class/Common/HIDParser.o
 .debug_info    0x0000000000004859      0x3ca ../LUFA-110528/LUFA/Drivers/USB/Class/Device/Audio.o
 .debug_info    0x0000000000004c23      0xbcb ../LUFA-110528/LUFA/Drivers/USB/Class/Device/CDC.o
 .debug_info    0x00000000000057ee      0x679 ../LUFA-110528/LUFA/Drivers/USB/Class/Device/HID.o
 .debug_info    0x0000000000005e67      0x8d5 ../LUFA-110528/LUFA/Drivers/USB/Class/Device/MassStorage.o
 .debug_info    0x000000000000673c      0x5c4 ../LUFA-110528/LUFA/Drivers/USB/Class/Device/MIDI.o
 .debug_info    0x0000000000006d00      0xfb4 ../LUFA-110528/LUFA/Drivers/USB/Class/Device/RNDIS.o
 .debug_info    0x0000000000007cb4        0x0 ../LUFA-110528/LUFA/Drivers/USB/Class/Host/CDC.o
 .debug_info    0x0000000000007cb4        0x0 ../LUFA-110528/LUFA/Drivers/USB/Class/Host/HID.o
 .debug_info    0x0000000000007cb4        0x0 ../LUFA-110528/LUFA/Drivers/USB/Class/Host/MassStorage.o
 .debug_info    0x0000000000007cb4        0x0 ../LUFA-110528/LUFA/Drivers/USB/Class/Host/MIDI.o
 .debug_info    0x0000000000007cb4        0x0 ../LUFA-110528/LUFA/Drivers/USB/Class/Host/Printer.o
 .debug_info    0x0000000000007cb4        0x0 ../LUFA-110528/LUFA/Drivers/USB/Class/Host/RNDIS.o
 .debug_info    0x0000000000007cb4        0x0 ../LUFA-110528/LUFA/Drivers/USB/Class/Host/StillImage.o
 .debug_info    0x0000000000007cb4      0x19a i2cmaster.o
 .debug_info    0x0000000000007e4e      0x273 wii_classic.o
 *(.gnu.linkonce.wi.*)

.debug_abbrev   0x0000000000000000     0x21bf
 *(.debug_abbrev)
 .debug_abbrev  0x0000000000000000      0x227 classic2usb.o
 .debug_abbrev  0x0000000000000227      0x16c Descriptors.o
 .debug_abbrev  0x0000000000000393       0x79 ../LUFA-110528/LUFA/Drivers/USB/Core/AVR8/Device_AVR8.o
 .debug_abbrev  0x000000000000040c      0x19a ../LUFA-110528/LUFA/Drivers/USB/Core/AVR8/Endpoint_AVR8.o
 .debug_abbrev  0x00000000000005a6        0x1 ../LUFA-110528/LUFA/Drivers/USB/Core/AVR8/Host_AVR8.o
 .debug_abbrev  0x00000000000005a7        0x1 ../LUFA-110528/LUFA/Drivers/USB/Core/AVR8/Pipe_AVR8.o
 .debug_abbrev  0x00000000000005a8      0x18a ../LUFA-110528/LUFA/Drivers/USB/Core/AVR8/USBController_AVR8.o
 .debug_abbrev  0x0000000000000732      0x176 ../LUFA-110528/LUFA/Drivers/USB/Core/AVR8/USBInterrupt_AVR8.o
 .debug_abbrev  0x00000000000008a8      0x15c ../LUFA-110528/LUFA/Drivers/USB/Core/ConfigDescriptor.o
 .debug_abbrev  0x0000000000000a04      0x283 ../LUFA-110528/LUFA/Drivers/USB/Core/DeviceStandardReq.o
 .debug_abbrev  0x0000000000000c87       0x4a ../LUFA-110528/LUFA/Drivers/USB/Core/Events.o
 .debug_abbrev  0x0000000000000cd1      0x1aa ../LUFA-110528/LUFA/Drivers/USB/Core/EndpointStream.o
 .debug_abbrev  0x0000000000000e7b        0x1 ../LUFA-110528/LUFA/Drivers/USB/Core/HostStandardReq.o
 .debug_abbrev  0x0000000000000e7c        0x1 ../LUFA-110528/LUFA/Drivers/USB/Core/PipeStream.o
 .debug_abbrev  0x0000000000000e7d      0x15d ../LUFA-110528/LUFA/Drivers/USB/Core/USBTask.o
 .debug_abbrev  0x0000000000000fda      0x1e7 ../LUFA-110528/LUFA/Drivers/USB/Class/Common/HIDParser.o
 .debug_abbrev  0x00000000000011c1      0x1ab ../LUFA-110528/LUFA/Drivers/USB/Class/Device/Audio.o
 .debug_abbrev  0x000000000000136c      0x2f5 ../LUFA-110528/LUFA/Drivers/USB/Class/Device/CDC.o
 .debug_abbrev  0x0000000000001661      0x20d ../LUFA-110528/LUFA/Drivers/USB/Class/Device/HID.o
 .debug_abbrev  0x000000000000186e      0x244 ../LUFA-110528/LUFA/Drivers/USB/Class/Device/MassStorage.o
 .debug_abbrev  0x0000000000001ab2      0x216 ../LUFA-110528/LUFA/Drivers/USB/Class/Device/MIDI.o
 .debug_abbrev  0x0000000000001cc8      0x2d9 ../LUFA-110528/LUFA/Drivers/USB/Class/Device/RNDIS.o
 .debug_abbrev  0x0000000000001fa1        0x1 ../LUFA-110528/LUFA/Drivers/USB/Class/Host/CDC.o
 .debug_abbrev  0x0000000000001fa2        0x1 ../LUFA-110528/LUFA/Drivers/USB/Class/Host/HID.o
 .debug_abbrev  0x0000000000001fa3        0x1 ../LUFA-110528/LUFA/Drivers/USB/Class/Host/MassStorage.o
 .debug_abbrev  0x0000000000001fa4        0x1 ../LUFA-110528/LUFA/Drivers/USB/Class/Host/MIDI.o
 .debug_abbrev  0x0000000000001fa5        0x1 ../LUFA-110528/LUFA/Drivers/USB/Class/Host/Printer.o
 .debug_abbrev  0x0000000000001fa6        0x1 ../LUFA-110528/LUFA/Drivers/USB/Class/Host/RNDIS.o
 .debug_abbrev  0x0000000000001fa7        0x1 ../LUFA-110528/LUFA/Drivers/USB/Class/Host/StillImage.o
 .debug_abbrev  0x0000000000001fa8       0xc0 i2cmaster.o
 .debug_abbrev  0x0000000000002068      0x157 wii_classic.o

.debug_line     0x0000000000000000     0x6566
 *(.debug_line)
 .debug_line    0x0000000000000000      0x419 classic2usb.o
 .debug_line    0x0000000000000419      0x1d0 Descriptors.o
 .debug_line    0x00000000000005e9      0x139 ../LUFA-110528/LUFA/Drivers/USB/Core/AVR8/Device_AVR8.o
 .debug_line    0x0000000000000722      0x4b6 ../LUFA-110528/LUFA/Drivers/USB/Core/AVR8/Endpoint_AVR8.o
 .debug_line    0x0000000000000bd8       0x24 ../LUFA-110528/LUFA/Drivers/USB/Core/AVR8/Host_AVR8.o
 .debug_line    0x0000000000000bfc       0x24 ../LUFA-110528/LUFA/Drivers/USB/Core/AVR8/Pipe_AVR8.o
 .debug_line    0x0000000000000c20      0x37c ../LUFA-110528/LUFA/Drivers/USB/Core/AVR8/USBController_AVR8.o
 .debug_line    0x0000000000000f9c      0x55b ../LUFA-110528/LUFA/Drivers/USB/Core/AVR8/USBInterrupt_AVR8.o
 .debug_line    0x00000000000014f7      0x24f ../LUFA-110528/LUFA/Drivers/USB/Core/ConfigDescriptor.o
 .debug_line    0x0000000000001746      0x6a2 ../LUFA-110528/LUFA/Drivers/USB/Core/DeviceStandardReq.o
 .debug_line    0x0000000000001de8       0x89 ../LUFA-110528/LUFA/Drivers/USB/Core/Events.o
 .debug_line    0x0000000000001e71     0x1788 ../LUFA-110528/LUFA/Drivers/USB/Core/EndpointStream.o
 .debug_line    0x00000000000035f9       0x24 ../LUFA-110528/LUFA/Drivers/USB/Core/HostStandardReq.o
 .debug_line    0x000000000000361d       0x24 ../LUFA-110528/LUFA/Drivers/USB/Core/PipeStream.o
 .debug_line    0x0000000000003641      0x1c5 ../LUFA-110528/LUFA/Drivers/USB/Core/USBTask.o
 .debug_line    0x0000000000003806      0x5aa ../LUFA-110528/LUFA/Drivers/USB/Class/Common/HIDParser.o
 .debug_line    0x0000000000003db0      0x2c9 ../LUFA-110528/LUFA/Drivers/USB/Class/Device/Audio.o
 .debug_line    0x0000000000004079      0x845 ../LUFA-110528/LUFA/Drivers/USB/Class/Device/CDC.o
 .debug_line    0x00000000000048be      0x56f ../LUFA-110528/LUFA/Drivers/USB/Class/Device/HID.o
 .debug_line    0x0000000000004e2d      0x5f3 ../LUFA-110528/LUFA/Drivers/USB/Class/Device/MassStorage.o
 .debug_line    0x0000000000005420      0x44f ../LUFA-110528/LUFA/Drivers/USB/Class/Device/MIDI.o
 .debug_line    0x000000000000586f      0x77b ../LUFA-110528/LUFA/Drivers/USB/Class/Device/RNDIS.o
 .debug_line    0x0000000000005fea       0x24 ../LUFA-110528/LUFA/Drivers/USB/Class/Host/CDC.o
 .debug_line    0x000000000000600e       0x24 ../LUFA-110528/LUFA/Drivers/USB/Class/Host/HID.o
 .debug_line    0x0000000000006032       0x24 ../LUFA-110528/LUFA/Drivers/USB/Class/Host/MassStorage.o
 .debug_line    0x0000000000006056       0x24 ../LUFA-110528/LUFA/Drivers/USB/Class/Host/MIDI.o
 .debug_line    0x000000000000607a       0x24 ../LUFA-110528/LUFA/Drivers/USB/Class/Host/Printer.o
 .debug_line    0x000000000000609e       0x24 ../LUFA-110528/LUFA/Drivers/USB/Class/Host/RNDIS.o
 .debug_line    0x00000000000060c2       0x24 ../LUFA-110528/LUFA/Drivers/USB/Class/Host/StillImage.o
 .debug_line    0x00000000000060e6      0x27f i2cmaster.o
 .debug_line    0x0000000000006365      0x201 wii_classic.o

.debug_frame    0x0000000000000000      0x770
 *(.debug_frame)
 .debug_frame   0x0000000000000000       0xa0 classic2usb.o
 .debug_frame   0x00000000000000a0       0x20 Descriptors.o
 .debug_frame   0x00000000000000c0       0x20 ../LUFA-110528/LUFA/Drivers/USB/Core/AVR8/Device_AVR8.o
 .debug_frame   0x00000000000000e0       0x50 ../LUFA-110528/LUFA/Drivers/USB/Core/AVR8/Endpoint_AVR8.o
 .debug_frame   0x0000000000000130       0x40 ../LUFA-110528/LUFA/Drivers/USB/Core/AVR8/USBController_AVR8.o
 .debug_frame   0x0000000000000170       0x40 ../LUFA-110528/LUFA/Drivers/USB/Core/AVR8/USBInterrupt_AVR8.o
 .debug_frame   0x00000000000001b0       0x50 ../LUFA-110528/LUFA/Drivers/USB/Core/ConfigDescriptor.o
 .debug_frame   0x0000000000000200       0x20 ../LUFA-110528/LUFA/Drivers/USB/Core/DeviceStandardReq.o
 .debug_frame   0x0000000000000220       0x20 ../LUFA-110528/LUFA/Drivers/USB/Core/Events.o
 .debug_frame   0x0000000000000240      0x170 ../LUFA-110528/LUFA/Drivers/USB/Core/EndpointStream.o
 .debug_frame   0x00000000000003b0       0x20 ../LUFA-110528/LUFA/Drivers/USB/Core/USBTask.o
 .debug_frame   0x00000000000003d0       0x50 ../LUFA-110528/LUFA/Drivers/USB/Class/Common/HIDParser.o
 .debug_frame   0x0000000000000420       0x30 ../LUFA-110528/LUFA/Drivers/USB/Class/Device/Audio.o
 .debug_frame   0x0000000000000450      0x110 ../LUFA-110528/LUFA/Drivers/USB/Class/Device/CDC.o
 .debug_frame   0x0000000000000560       0x40 ../LUFA-110528/LUFA/Drivers/USB/Class/Device/HID.o
 .debug_frame   0x00000000000005a0       0x40 ../LUFA-110528/LUFA/Drivers/USB/Class/Device/MassStorage.o
 .debug_frame   0x00000000000005e0       0x60 ../LUFA-110528/LUFA/Drivers/USB/Class/Device/MIDI.o
 .debug_frame   0x0000000000000640       0x70 ../LUFA-110528/LUFA/Drivers/USB/Class/Device/RNDIS.o
 .debug_frame   0x00000000000006b0       0x90 i2cmaster.o
 .debug_frame   0x0000000000000740       0x30 wii_classic.o

.debug_str      0x0000000000000000     0x328a
 *(.debug_str)
 .debug_str     0x0000000000000000      0x485 classic2usb.o
                                        0x4ea (size before relaxing)
 .debug_str     0x0000000000000485      0x4b1 Descriptors.o
                                        0x600 (size before relaxing)
 .debug_str     0x0000000000000936       0x80 ../LUFA-110528/LUFA/Drivers/USB/Core/AVR8/Device_AVR8.o
                                        0x121 (size before relaxing)
 .debug_str     0x00000000000009b6      0x3ca ../LUFA-110528/LUFA/Drivers/USB/Core/AVR8/Endpoint_AVR8.o
                                        0x4b0 (size before relaxing)
 .debug_str     0x0000000000000d80      0x20e ../LUFA-110528/LUFA/Drivers/USB/Core/AVR8/USBController_AVR8.o
                                        0x425 (size before relaxing)
 .debug_str     0x0000000000000f8e       0xf2 ../LUFA-110528/LUFA/Drivers/USB/Core/AVR8/USBInterrupt_AVR8.o
                                        0x3a0 (size before relaxing)
 .debug_str     0x0000000000001080      0x22f ../LUFA-110528/LUFA/Drivers/USB/Core/ConfigDescriptor.o
                                        0x2ee (size before relaxing)
 .debug_str     0x00000000000012af      0x439 ../LUFA-110528/LUFA/Drivers/USB/Core/DeviceStandardReq.o
                                        0x80b (size before relaxing)
 .debug_str     0x00000000000016e8       0x3d ../LUFA-110528/LUFA/Drivers/USB/Core/Events.o
                                         0xd8 (size before relaxing)
 .debug_str     0x0000000000001725      0x4b8 ../LUFA-110528/LUFA/Drivers/USB/Core/EndpointStream.o
                                        0x745 (size before relaxing)
 .debug_str     0x0000000000001bdd       0x73 ../LUFA-110528/LUFA/Drivers/USB/Core/USBTask.o
                                        0x278 (size before relaxing)
 .debug_str     0x0000000000001c50      0x484 ../LUFA-110528/LUFA/Drivers/USB/Class/Common/HIDParser.o
                                        0x5c6 (size before relaxing)
 .debug_str     0x00000000000020d4      0x130 ../LUFA-110528/LUFA/Drivers/USB/Class/Device/Audio.o
                                        0x3c8 (size before relaxing)
 .debug_str     0x0000000000002204      0x41c ../LUFA-110528/LUFA/Drivers/USB/Class/Device/CDC.o
                                        0x97f (size before relaxing)
 .debug_str     0x0000000000002620      0x149 ../LUFA-110528/LUFA/Drivers/USB/Class/Device/HID.o
                                        0x581 (size before relaxing)
 .debug_str     0x0000000000002769      0x229 ../LUFA-110528/LUFA/Drivers/USB/Class/Device/MassStorage.o
                                        0x745 (size before relaxing)
 .debug_str     0x0000000000002992      0x119 ../LUFA-110528/LUFA/Drivers/USB/Class/Device/MIDI.o
                                        0x5e4 (size before relaxing)
 .debug_str     0x0000000000002aab      0x6e6 ../LUFA-110528/LUFA/Drivers/USB/Class/Device/RNDIS.o
                                        0xcdb (size before relaxing)
 .debug_str     0x0000000000003191       0x74 i2cmaster.o
                                        0x11c (size before relaxing)
 .debug_str     0x0000000000003205       0x85 wii_classic.o
                                        0x159 (size before relaxing)

.debug_loc      0x0000000000000000     0x359e
 *(.debug_loc)
 .debug_loc     0x0000000000000000       0xab classic2usb.o
 .debug_loc     0x00000000000000ab      0x1a0 Descriptors.o
 .debug_loc     0x000000000000024b       0x7f ../LUFA-110528/LUFA/Drivers/USB/Core/AVR8/Endpoint_AVR8.o
 .debug_loc     0x00000000000002ca       0x13 ../LUFA-110528/LUFA/Drivers/USB/Core/AVR8/USBController_AVR8.o
 .debug_loc     0x00000000000002dd      0x2c7 ../LUFA-110528/LUFA/Drivers/USB/Core/ConfigDescriptor.o
 .debug_loc     0x00000000000005a4      0x224 ../LUFA-110528/LUFA/Drivers/USB/Core/DeviceStandardReq.o
 .debug_loc     0x00000000000007c8     0x1886 ../LUFA-110528/LUFA/Drivers/USB/Core/EndpointStream.o
 .debug_loc     0x000000000000204e      0x477 ../LUFA-110528/LUFA/Drivers/USB/Class/Common/HIDParser.o
 .debug_loc     0x00000000000024c5       0xd4 ../LUFA-110528/LUFA/Drivers/USB/Class/Device/Audio.o
 .debug_loc     0x0000000000002599      0x512 ../LUFA-110528/LUFA/Drivers/USB/Class/Device/CDC.o
 .debug_loc     0x0000000000002aab      0x16c ../LUFA-110528/LUFA/Drivers/USB/Class/Device/HID.o
 .debug_loc     0x0000000000002c17      0x11a ../LUFA-110528/LUFA/Drivers/USB/Class/Device/MassStorage.o
 .debug_loc     0x0000000000002d31      0x23c ../LUFA-110528/LUFA/Drivers/USB/Class/Device/MIDI.o
 .debug_loc     0x0000000000002f6d      0x532 ../LUFA-110528/LUFA/Drivers/USB/Class/Device/RNDIS.o
 .debug_loc     0x000000000000349f       0xbf i2cmaster.o
 .debug_loc     0x000000000000355e       0x40 wii_classic.o

.debug_macinfo
 *(.debug_macinfo)
OUTPUT(classic2usb.elf elf32-avr)
LOAD linker stubs

.debug_ranges   0x0000000000000000      0x5d8
 .debug_ranges  0x0000000000000000       0x58 classic2usb.o
 .debug_ranges  0x0000000000000058       0x18 Descriptors.o
 .debug_ranges  0x0000000000000070       0x18 ../LUFA-110528/LUFA/Drivers/USB/Core/AVR8/Device_AVR8.o
 .debug_ranges  0x0000000000000088       0x30 ../LUFA-110528/LUFA/Drivers/USB/Core/AVR8/Endpoint_AVR8.o
 .debug_ranges  0x00000000000000b8       0x28 ../LUFA-110528/LUFA/Drivers/USB/Core/AVR8/USBController_AVR8.o
 .debug_ranges  0x00000000000000e0       0x28 ../LUFA-110528/LUFA/Drivers/USB/Core/AVR8/USBInterrupt_AVR8.o
 .debug_ranges  0x0000000000000108       0x30 ../LUFA-110528/LUFA/Drivers/USB/Core/ConfigDescriptor.o
 .debug_ranges  0x0000000000000138       0x78 ../LUFA-110528/LUFA/Drivers/USB/Core/DeviceStandardReq.o
 .debug_ranges  0x00000000000001b0       0x18 ../LUFA-110528/LUFA/Drivers/USB/Core/Events.o
 .debug_ranges  0x00000000000001c8       0xc0 ../LUFA-110528/LUFA/Drivers/USB/Core/EndpointStream.o
 .debug_ranges  0x0000000000000288       0x30 ../LUFA-110528/LUFA/Drivers/USB/Core/USBTask.o
 .debug_ranges  0x00000000000002b8       0xa0 ../LUFA-110528/LUFA/Drivers/USB/Class/Common/HIDParser.o
 .debug_ranges  0x0000000000000358       0x20 ../LUFA-110528/LUFA/Drivers/USB/Class/Device/Audio.o
 .debug_ranges  0x0000000000000378       0x90 ../LUFA-110528/LUFA/Drivers/USB/Class/Device/CDC.o
 .debug_ranges  0x0000000000000408       0x28 ../LUFA-110528/LUFA/Drivers/USB/Class/Device/HID.o
 .debug_ranges  0x0000000000000430       0x78 ../LUFA-110528/LUFA/Drivers/USB/Class/Device/MassStorage.o
 .debug_ranges  0x00000000000004a8       0x38 ../LUFA-110528/LUFA/Drivers/USB/Class/Device/MIDI.o
 .debug_ranges  0x00000000000004e0       0x88 ../LUFA-110528/LUFA/Drivers/USB/Class/Device/RNDIS.o
 .debug_ranges  0x0000000000000568       0x50 i2cmaster.o
 .debug_ranges  0x00000000000005b8       0x20 wii_classic.o

Cross Reference Table

Symbol                                            File
Audio_Device_ConfigureEndpoints                   ../LUFA-110528/LUFA/Drivers/USB/Class/Device/Audio.o
Audio_Device_ProcessControlRequest                ../LUFA-110528/LUFA/Drivers/USB/Class/Device/Audio.o
CALLBACK_HIDParser_FilterHIDReportItem            ../LUFA-110528/LUFA/Drivers/USB/Class/Common/HIDParser.o
CALLBACK_HID_Device_CreateHIDReport               classic2usb.o
                                                  ../LUFA-110528/LUFA/Drivers/USB/Class/Device/HID.o
CALLBACK_HID_Device_ProcessHIDReport              classic2usb.o
                                                  ../LUFA-110528/LUFA/Drivers/USB/Class/Device/HID.o
CALLBACK_MS_Device_SCSICommandReceived            ../LUFA-110528/LUFA/Drivers/USB/Class/Device/MassStorage.o
CALLBACK_USB_GetDescriptor                        Descriptors.o
                                                  ../LUFA-110528/LUFA/Drivers/USB/Core/DeviceStandardReq.o
CDC_Device_BytesReceived                          ../LUFA-110528/LUFA/Drivers/USB/Class/Device/CDC.o
CDC_Device_ConfigureEndpoints                     ../LUFA-110528/LUFA/Drivers/USB/Class/Device/CDC.o
CDC_Device_CreateBlockingStream                   ../LUFA-110528/LUFA/Drivers/USB/Class/Device/CDC.o
CDC_Device_CreateStream                           ../LUFA-110528/LUFA/Drivers/USB/Class/Device/CDC.o
CDC_Device_Event_Stub                             ../LUFA-110528/LUFA/Drivers/USB/Class/Device/CDC.o
CDC_Device_Flush                                  ../LUFA-110528/LUFA/Drivers/USB/Class/Device/CDC.o
CDC_Device_ProcessControlRequest                  ../LUFA-110528/LUFA/Drivers/USB/Class/Device/CDC.o
CDC_Device_ReceiveByte                            ../LUFA-110528/LUFA/Drivers/USB/Class/Device/CDC.o
CDC_Device_SendByte                               ../LUFA-110528/LUFA/Drivers/USB/Class/Device/CDC.o
CDC_Device_SendControlLineStateChange             ../LUFA-110528/LUFA/Drivers/USB/Class/Device/CDC.o
CDC_Device_SendData                               ../LUFA-110528/LUFA/Drivers/USB/Class/Device/CDC.o
CDC_Device_SendString                             ../LUFA-110528/LUFA/Drivers/USB/Class/Device/CDC.o
CDC_Device_USBTask                                ../LUFA-110528/LUFA/Drivers/USB/Class/Device/CDC.o
ConfigurationDescriptor                           Descriptors.o
DeviceDescriptor                                  Descriptors.o
EVENT_CDC_Device_BreakSent                        ../LUFA-110528/LUFA/Drivers/USB/Class/Device/CDC.o
EVENT_CDC_Device_ControLineStateChanged           ../LUFA-110528/LUFA/Drivers/USB/Class/Device/CDC.o
EVENT_CDC_Device_LineEncodingChanged              ../LUFA-110528/LUFA/Drivers/USB/Class/Device/CDC.o
EVENT_USB_Device_ConfigurationChanged             classic2usb.o
                                                  ../LUFA-110528/LUFA/Drivers/USB/Core/DeviceStandardReq.o
EVENT_USB_Device_Connect                          classic2usb.o
                                                  ../LUFA-110528/LUFA/Drivers/USB/Core/AVR8/USBInterrupt_AVR8.o
EVENT_USB_Device_ControlRequest                   classic2usb.o
                                                  ../LUFA-110528/LUFA/Drivers/USB/Core/DeviceStandardReq.o
EVENT_USB_Device_Disconnect                       classic2usb.o
                                                  ../LUFA-110528/LUFA/Drivers/USB/Core/AVR8/USBInterrupt_AVR8.o
EVENT_USB_Device_Reset                            ../LUFA-110528/LUFA/Drivers/USB/Core/Events.o
                                                  ../LUFA-110528/LUFA/Drivers/USB/Core/AVR8/USBInterrupt_AVR8.o
EVENT_USB_Device_StartOfFrame                     classic2usb.o
                                                  ../LUFA-110528/LUFA/Drivers/USB/Core/AVR8/USBInterrupt_AVR8.o
EVENT_USB_Device_Suspend                          ../LUFA-110528/LUFA/Drivers/USB/Core/Events.o
                                                  ../LUFA-110528/LUFA/Drivers/USB/Core/AVR8/USBInterrupt_AVR8.o
EVENT_USB_Device_WakeUp                           ../LUFA-110528/LUFA/Drivers/USB/Core/Events.o
                                                  ../LUFA-110528/LUFA/Drivers/USB/Core/AVR8/USBInterrupt_AVR8.o
Endpoint_ClearEndpoints                           ../LUFA-110528/LUFA/Drivers/USB/Core/AVR8/Endpoint_AVR8.o
Endpoint_ClearStatusStage                         ../LUFA-110528/LUFA/Drivers/USB/Core/AVR8/Endpoint_AVR8.o
                                                  ../LUFA-110528/LUFA/Drivers/USB/Class/Device/MassStorage.o
                                                  ../LUFA-110528/LUFA/Drivers/USB/Class/Device/HID.o
                                                  ../LUFA-110528/LUFA/Drivers/USB/Class/Device/CDC.o
                                                  ../LUFA-110528/LUFA/Drivers/USB/Class/Device/Audio.o
                                                  ../LUFA-110528/LUFA/Drivers/USB/Core/DeviceStandardReq.o
Endpoint_ConfigureEndpoint_Prv                    ../LUFA-110528/LUFA/Drivers/USB/Core/AVR8/Endpoint_AVR8.o
                                                  ../LUFA-110528/LUFA/Drivers/USB/Class/Device/RNDIS.o
                                                  ../LUFA-110528/LUFA/Drivers/USB/Class/Device/MIDI.o
                                                  ../LUFA-110528/LUFA/Drivers/USB/Class/Device/MassStorage.o
                                                  ../LUFA-110528/LUFA/Drivers/USB/Class/Device/HID.o
                                                  ../LUFA-110528/LUFA/Drivers/USB/Class/Device/CDC.o
                                                  ../LUFA-110528/LUFA/Drivers/USB/Class/Device/Audio.o
                                                  ../LUFA-110528/LUFA/Drivers/USB/Core/AVR8/USBInterrupt_AVR8.o
                                                  ../LUFA-110528/LUFA/Drivers/USB/Core/AVR8/USBController_AVR8.o
Endpoint_Discard_Stream                           ../LUFA-110528/LUFA/Drivers/USB/Core/EndpointStream.o
Endpoint_Null_Stream                              ../LUFA-110528/LUFA/Drivers/USB/Core/EndpointStream.o
Endpoint_Read_Control_EStream_BE                  ../LUFA-110528/LUFA/Drivers/USB/Core/EndpointStream.o
Endpoint_Read_Control_EStream_LE                  ../LUFA-110528/LUFA/Drivers/USB/Core/EndpointStream.o
Endpoint_Read_Control_Stream_BE                   ../LUFA-110528/LUFA/Drivers/USB/Core/EndpointStream.o
Endpoint_Read_Control_Stream_LE                   ../LUFA-110528/LUFA/Drivers/USB/Core/EndpointStream.o
                                                  ../LUFA-110528/LUFA/Drivers/USB/Class/Device/RNDIS.o
                                                  ../LUFA-110528/LUFA/Drivers/USB/Class/Device/HID.o
                                                  ../LUFA-110528/LUFA/Drivers/USB/Class/Device/CDC.o
Endpoint_Read_EStream_BE                          ../LUFA-110528/LUFA/Drivers/USB/Core/EndpointStream.o
Endpoint_Read_EStream_LE                          ../LUFA-110528/LUFA/Drivers/USB/Core/EndpointStream.o
Endpoint_Read_Stream_BE                           ../LUFA-110528/LUFA/Drivers/USB/Core/EndpointStream.o
Endpoint_Read_Stream_LE                           ../LUFA-110528/LUFA/Drivers/USB/Core/EndpointStream.o
                                                  ../LUFA-110528/LUFA/Drivers/USB/Class/Device/RNDIS.o
                                                  ../LUFA-110528/LUFA/Drivers/USB/Class/Device/MIDI.o
                                                  ../LUFA-110528/LUFA/Drivers/USB/Class/Device/MassStorage.o
Endpoint_WaitUntilReady                           ../LUFA-110528/LUFA/Drivers/USB/Core/AVR8/Endpoint_AVR8.o
                                                  ../LUFA-110528/LUFA/Drivers/USB/Class/Device/RNDIS.o
                                                  ../LUFA-110528/LUFA/Drivers/USB/Class/Device/MIDI.o
                                                  ../LUFA-110528/LUFA/Drivers/USB/Class/Device/CDC.o
                                                  ../LUFA-110528/LUFA/Drivers/USB/Core/EndpointStream.o
Endpoint_Write_Control_EStream_BE                 ../LUFA-110528/LUFA/Drivers/USB/Core/EndpointStream.o
Endpoint_Write_Control_EStream_LE                 ../LUFA-110528/LUFA/Drivers/USB/Core/EndpointStream.o
Endpoint_Write_Control_PStream_BE                 ../LUFA-110528/LUFA/Drivers/USB/Core/EndpointStream.o
Endpoint_Write_Control_PStream_LE                 ../LUFA-110528/LUFA/Drivers/USB/Core/EndpointStream.o
                                                  ../LUFA-110528/LUFA/Drivers/USB/Core/DeviceStandardReq.o
Endpoint_Write_Control_Stream_BE                  ../LUFA-110528/LUFA/Drivers/USB/Core/EndpointStream.o
Endpoint_Write_Control_Stream_LE                  ../LUFA-110528/LUFA/Drivers/USB/Core/EndpointStream.o
                                                  ../LUFA-110528/LUFA/Drivers/USB/Class/Device/RNDIS.o
                                                  ../LUFA-110528/LUFA/Drivers/USB/Class/Device/HID.o
                                                  ../LUFA-110528/LUFA/Drivers/USB/Class/Device/CDC.o
                                                  ../LUFA-110528/LUFA/Drivers/USB/Core/DeviceStandardReq.o
Endpoint_Write_EStream_BE                         ../LUFA-110528/LUFA/Drivers/USB/Core/EndpointStream.o
Endpoint_Write_EStream_LE                         ../LUFA-110528/LUFA/Drivers/USB/Core/EndpointStream.o
Endpoint_Write_PStream_BE                         ../LUFA-110528/LUFA/Drivers/USB/Core/EndpointStream.o
Endpoint_Write_PStream_LE                         ../LUFA-110528/LUFA/Drivers/USB/Core/EndpointStream.o
Endpoint_Write_Stream_BE                          ../LUFA-110528/LUFA/Drivers/USB/Core/EndpointStream.o
Endpoint_Write_Stream_LE                          ../LUFA-110528/LUFA/Drivers/USB/Core/EndpointStream.o
                                                  ../LUFA-110528/LUFA/Drivers/USB/Class/Device/RNDIS.o
                                                  ../LUFA-110528/LUFA/Drivers/USB/Class/Device/MIDI.o
                                                  ../LUFA-110528/LUFA/Drivers/USB/Class/Device/MassStorage.o
                                                  ../LUFA-110528/LUFA/Drivers/USB/Class/Device/HID.o
                                                  ../LUFA-110528/LUFA/Drivers/USB/Class/Device/CDC.o
HID_Device_ConfigureEndpoints                     ../LUFA-110528/LUFA/Drivers/USB/Class/Device/HID.o
                                                  classic2usb.o
HID_Device_ProcessControlRequest                  ../LUFA-110528/LUFA/Drivers/USB/Class/Device/HID.o
                                                  classic2usb.o
HID_Device_USBTask                                ../LUFA-110528/LUFA/Drivers/USB/Class/Device/HID.o
                                                  classic2usb.o
JoystickReport                                    Descriptors.o
Joystick_HID_Interface                            classic2usb.o
LanguageString                                    Descriptors.o
MIDI_Device_ConfigureEndpoints                    ../LUFA-110528/LUFA/Drivers/USB/Class/Device/MIDI.o
MIDI_Device_Flush                                 ../LUFA-110528/LUFA/Drivers/USB/Class/Device/MIDI.o
MIDI_Device_ReceiveEventPacket                    ../LUFA-110528/LUFA/Drivers/USB/Class/Device/MIDI.o
MIDI_Device_SendEventPacket                       ../LUFA-110528/LUFA/Drivers/USB/Class/Device/MIDI.o
MIDI_Device_USBTask                               ../LUFA-110528/LUFA/Drivers/USB/Class/Device/MIDI.o
MS_Device_ConfigureEndpoints                      ../LUFA-110528/LUFA/Drivers/USB/Class/Device/MassStorage.o
MS_Device_ProcessControlRequest                   ../LUFA-110528/LUFA/Drivers/USB/Class/Device/MassStorage.o
MS_Device_USBTask                                 ../LUFA-110528/LUFA/Drivers/USB/Class/Device/MassStorage.o
ManufacturerString                                Descriptors.o
ProductString                                     Descriptors.o
RNDIS_Device_ConfigureEndpoints                   ../LUFA-110528/LUFA/Drivers/USB/Class/Device/RNDIS.o
RNDIS_Device_IsPacketReceived                     ../LUFA-110528/LUFA/Drivers/USB/Class/Device/RNDIS.o
RNDIS_Device_ProcessControlRequest                ../LUFA-110528/LUFA/Drivers/USB/Class/Device/RNDIS.o
RNDIS_Device_ReadPacket                           ../LUFA-110528/LUFA/Drivers/USB/Class/Device/RNDIS.o
RNDIS_Device_SendPacket                           ../LUFA-110528/LUFA/Drivers/USB/Class/Device/RNDIS.o
RNDIS_Device_USBTask                              ../LUFA-110528/LUFA/Drivers/USB/Class/Device/RNDIS.o
SetupHardware                                     classic2usb.o
USB_ConfigurationNumber                           ../LUFA-110528/LUFA/Drivers/USB/Core/DeviceStandardReq.o
                                                  ../LUFA-110528/LUFA/Drivers/USB/Core/AVR8/USBInterrupt_AVR8.o
                                                  ../LUFA-110528/LUFA/Drivers/USB/Core/AVR8/USBController_AVR8.o
USB_ControlRequest                                ../LUFA-110528/LUFA/Drivers/USB/Class/Device/RNDIS.o
                                                  ../LUFA-110528/LUFA/Drivers/USB/Class/Device/MassStorage.o
                                                  ../LUFA-110528/LUFA/Drivers/USB/Class/Device/HID.o
                                                  ../LUFA-110528/LUFA/Drivers/USB/Class/Device/CDC.o
                                                  ../LUFA-110528/LUFA/Drivers/USB/Class/Device/Audio.o
                                                  ../LUFA-110528/LUFA/Drivers/USB/Core/USBTask.o
                                                  ../LUFA-110528/LUFA/Drivers/USB/Core/EndpointStream.o
                                                  ../LUFA-110528/LUFA/Drivers/USB/Core/DeviceStandardReq.o
                                                  ../LUFA-110528/LUFA/Drivers/USB/Core/AVR8/Endpoint_AVR8.o
USB_CurrentlySelfPowered                          ../LUFA-110528/LUFA/Drivers/USB/Core/DeviceStandardReq.o
                                                  ../LUFA-110528/LUFA/Drivers/USB/Core/AVR8/USBController_AVR8.o
USB_DeviceState                                   ../LUFA-110528/LUFA/Drivers/USB/Class/Device/RNDIS.o
                                                  ../LUFA-110528/LUFA/Drivers/USB/Class/Device/MIDI.o
                                                  ../LUFA-110528/LUFA/Drivers/USB/Class/Device/MassStorage.o
                                                  ../LUFA-110528/LUFA/Drivers/USB/Class/Device/HID.o
                                                  ../LUFA-110528/LUFA/Drivers/USB/Class/Device/CDC.o
                                                  ../LUFA-110528/LUFA/Drivers/USB/Core/USBTask.o
                                                  ../LUFA-110528/LUFA/Drivers/USB/Core/EndpointStream.o
                                                  ../LUFA-110528/LUFA/Drivers/USB/Core/DeviceStandardReq.o
                                                  ../LUFA-110528/LUFA/Drivers/USB/Core/AVR8/USBInterrupt_AVR8.o
                                                  ../LUFA-110528/LUFA/Drivers/USB/Core/AVR8/USBController_AVR8.o
                                                  ../LUFA-110528/LUFA/Drivers/USB/Core/AVR8/Endpoint_AVR8.o
USB_Device_ProcessControlRequest                  ../LUFA-110528/LUFA/Drivers/USB/Core/DeviceStandardReq.o
                                                  ../LUFA-110528/LUFA/Drivers/USB/Core/USBTask.o
USB_Device_SendRemoteWakeup                       ../LUFA-110528/LUFA/Drivers/USB/Core/AVR8/Device_AVR8.o
USB_Disable                                       ../LUFA-110528/LUFA/Drivers/USB/Core/AVR8/USBController_AVR8.o
USB_Event_Stub                                    ../LUFA-110528/LUFA/Drivers/USB/Core/Events.o
USB_GetHIDReportItemInfo                          ../LUFA-110528/LUFA/Drivers/USB/Class/Common/HIDParser.o
USB_GetHIDReportSize                              ../LUFA-110528/LUFA/Drivers/USB/Class/Common/HIDParser.o
USB_GetNextDescriptorComp                         ../LUFA-110528/LUFA/Drivers/USB/Core/ConfigDescriptor.o
USB_GetNextDescriptorOfType                       ../LUFA-110528/LUFA/Drivers/USB/Core/ConfigDescriptor.o
USB_GetNextDescriptorOfTypeAfter                  ../LUFA-110528/LUFA/Drivers/USB/Core/ConfigDescriptor.o
USB_GetNextDescriptorOfTypeBefore                 ../LUFA-110528/LUFA/Drivers/USB/Core/ConfigDescriptor.o
USB_INT_ClearAllInterrupts                        ../LUFA-110528/LUFA/Drivers/USB/Core/AVR8/USBInterrupt_AVR8.o
                                                  ../LUFA-110528/LUFA/Drivers/USB/Core/AVR8/USBController_AVR8.o
USB_INT_DisableAllInterrupts                      ../LUFA-110528/LUFA/Drivers/USB/Core/AVR8/USBInterrupt_AVR8.o
                                                  ../LUFA-110528/LUFA/Drivers/USB/Core/AVR8/USBController_AVR8.o
USB_Init                                          ../LUFA-110528/LUFA/Drivers/USB/Core/AVR8/USBController_AVR8.o
                                                  classic2usb.o
USB_IsInitialized                                 ../LUFA-110528/LUFA/Drivers/USB/Core/USBTask.o
                                                  ../LUFA-110528/LUFA/Drivers/USB/Core/AVR8/USBController_AVR8.o
USB_ProcessHIDReport                              ../LUFA-110528/LUFA/Drivers/USB/Class/Common/HIDParser.o
USB_RemoteWakeupEnabled                           ../LUFA-110528/LUFA/Drivers/USB/Core/DeviceStandardReq.o
                                                  ../LUFA-110528/LUFA/Drivers/USB/Core/AVR8/USBController_AVR8.o
USB_ResetInterface                                ../LUFA-110528/LUFA/Drivers/USB/Core/AVR8/USBController_AVR8.o
USB_SetHIDReportItemInfo                          ../LUFA-110528/LUFA/Drivers/USB/Class/Common/HIDParser.o
USB_USBTask                                       ../LUFA-110528/LUFA/Drivers/USB/Core/USBTask.o
                                                  ../LUFA-110528/LUFA/Drivers/USB/Class/Device/MassStorage.o
                                                  ../LUFA-110528/LUFA/Drivers/USB/Class/Device/CDC.o
                                                  ../LUFA-110528/LUFA/Drivers/USB/Core/EndpointStream.o
                                                  classic2usb.o
__bad_interrupt                                   /usr/lib/gcc/avr/4.3.5/../../../avr/lib/avr5/crtm32u4.o
__bss_end                                         /usr/lib/gcc/avr/4.3.5/avr5/libgcc.a(_clear_bss.o)
__bss_start                                       /usr/lib/gcc/avr/4.3.5/avr5/libgcc.a(_clear_bss.o)
__data_end                                        /usr/lib/gcc/avr/4.3.5/avr5/libgcc.a(_copy_data.o)
__data_load_start                                 /usr/lib/gcc/avr/4.3.5/avr5/libgcc.a(_copy_data.o)
__data_start                                      /usr/lib/gcc/avr/4.3.5/avr5/libgcc.a(_copy_data.o)
__do_clear_bss                                    /usr/lib/gcc/avr/4.3.5/avr5/libgcc.a(_clear_bss.o)
                                                  ../LUFA-110528/LUFA/Drivers/USB/Core/USBTask.o
                                                  ../LUFA-110528/LUFA/Drivers/USB/Core/DeviceStandardReq.o
                                                  classic2usb.o
__do_copy_data                                    /usr/lib/gcc/avr/4.3.5/avr5/libgcc.a(_copy_data.o)
                                                  ../LUFA-110528/LUFA/Drivers/USB/Class/Device/RNDIS.o
                                                  ../LUFA-110528/LUFA/Drivers/USB/Class/Device/CDC.o
                                                  classic2usb.o
__eerd_byte_m32u4                                 /usr/lib/gcc/avr/4.3.5/../../../avr/lib/avr5/libc.a(eerd_byte_atmega32u4.o)
                                                  ../LUFA-110528/LUFA/Drivers/USB/Core/EndpointStream.o
__eeupd_byte_m32u4                                /usr/lib/gcc/avr/4.3.5/../../../avr/lib/avr5/libc.a(eeupd_byte_atmega32u4.o)
                                                  ../LUFA-110528/LUFA/Drivers/USB/Core/EndpointStream.o
__eeupd_r18_m32u4                                 /usr/lib/gcc/avr/4.3.5/../../../avr/lib/avr5/libc.a(eeupd_byte_atmega32u4.o)
__heap_end                                        /usr/lib/gcc/avr/4.3.5/../../../avr/lib/avr5/crtm32u4.o
__init                                            /usr/lib/gcc/avr/4.3.5/../../../avr/lib/avr5/crtm32u4.o
__stack                                           /usr/lib/gcc/avr/4.3.5/../../../avr/lib/avr5/crtm32u4.o
__vector_1                                        /usr/lib/gcc/avr/4.3.5/../../../avr/lib/avr5/crtm32u4.o
__vector_10                                       ../LUFA-110528/LUFA/Drivers/USB/Core/AVR8/USBInterrupt_AVR8.o
                                                  /usr/lib/gcc/avr/4.3.5/../../../avr/lib/avr5/crtm32u4.o
__vector_11                                       /usr/lib/gcc/avr/4.3.5/../../../avr/lib/avr5/crtm32u4.o
__vector_12                                       /usr/lib/gcc/avr/4.3.5/../../../avr/lib/avr5/crtm32u4.o
__vector_13                                       /usr/lib/gcc/avr/4.3.5/../../../avr/lib/avr5/crtm32u4.o
__vector_14                                       /usr/lib/gcc/avr/4.3.5/../../../avr/lib/avr5/crtm32u4.o
__vector_15                                       /usr/lib/gcc/avr/4.3.5/../../../avr/lib/avr5/crtm32u4.o
__vector_16                                       /usr/lib/gcc/avr/4.3.5/../../../avr/lib/avr5/crtm32u4.o
__vector_17                                       /usr/lib/gcc/avr/4.3.5/../../../avr/lib/avr5/crtm32u4.o
__vector_18                                       /usr/lib/gcc/avr/4.3.5/../../../avr/lib/avr5/crtm32u4.o
__vector_19                                       /usr/lib/gcc/avr/4.3.5/../../../avr/lib/avr5/crtm32u4.o
__vector_2                                        /usr/lib/gcc/avr/4.3.5/../../../avr/lib/avr5/crtm32u4.o
__vector_20                                       /usr/lib/gcc/avr/4.3.5/../../../avr/lib/avr5/crtm32u4.o
__vector_21                                       /usr/lib/gcc/avr/4.3.5/../../../avr/lib/avr5/crtm32u4.o
__vector_22                                       /usr/lib/gcc/avr/4.3.5/../../../avr/lib/avr5/crtm32u4.o
__vector_23                                       /usr/lib/gcc/avr/4.3.5/../../../avr/lib/avr5/crtm32u4.o
__vector_24                                       /usr/lib/gcc/avr/4.3.5/../../../avr/lib/avr5/crtm32u4.o
__vector_25                                       /usr/lib/gcc/avr/4.3.5/../../../avr/lib/avr5/crtm32u4.o
__vector_26                                       /usr/lib/gcc/avr/4.3.5/../../../avr/lib/avr5/crtm32u4.o
__vector_27                                       /usr/lib/gcc/avr/4.3.5/../../../avr/lib/avr5/crtm32u4.o
__vector_28                                       /usr/lib/gcc/avr/4.3.5/../../../avr/lib/avr5/crtm32u4.o
__vector_29                                       /usr/lib/gcc/avr/4.3.5/../../../avr/lib/avr5/crtm32u4.o
__vector_3                                        /usr/lib/gcc/avr/4.3.5/../../../avr/lib/avr5/crtm32u4.o
__vector_30                                       /usr/lib/gcc/avr/4.3.5/../../../avr/lib/avr5/crtm32u4.o
__vector_31                                       /usr/lib/gcc/avr/4.3.5/../../../avr/lib/avr5/crtm32u4.o
__vector_32                                       /usr/lib/gcc/avr/4.3.5/../../../avr/lib/avr5/crtm32u4.o
__vector_33                                       /usr/lib/gcc/avr/4.3.5/../../../avr/lib/avr5/crtm32u4.o
__vector_34                                       /usr/lib/gcc/avr/4.3.5/../../../avr/lib/avr5/crtm32u4.o
__vector_35                                       /usr/lib/gcc/avr/4.3.5/../../../avr/lib/avr5/crtm32u4.o
__vector_36                                       /usr/lib/gcc/avr/4.3.5/../../../avr/lib/avr5/crtm32u4.o
__vector_37                                       /usr/lib/gcc/avr/4.3.5/../../../avr/lib/avr5/crtm32u4.o
__vector_38                                       /usr/lib/gcc/avr/4.3.5/../../../avr/lib/avr5/crtm32u4.o
__vector_39                                       /usr/lib/gcc/avr/4.3.5/../../../avr/lib/avr5/crtm32u4.o
__vector_4                                        /usr/lib/gcc/avr/4.3.5/../../../avr/lib/avr5/crtm32u4.o
__vector_40                                       /usr/lib/gcc/avr/4.3.5/../../../avr/lib/avr5/crtm32u4.o
__vector_41                                       /usr/lib/gcc/avr/4.3.5/../../../avr/lib/avr5/crtm32u4.o
__vector_42                                       /usr/lib/gcc/avr/4.3.5/../../../avr/lib/avr5/crtm32u4.o
__vector_5                                        /usr/lib/gcc/avr/4.3.5/../../../avr/lib/avr5/crtm32u4.o
__vector_6                                        /usr/lib/gcc/avr/4.3.5/../../../avr/lib/avr5/crtm32u4.o
__vector_7                                        /usr/lib/gcc/avr/4.3.5/../../../avr/lib/avr5/crtm32u4.o
__vector_8                                        /usr/lib/gcc/avr/4.3.5/../../../avr/lib/avr5/crtm32u4.o
__vector_9                                        /usr/lib/gcc/avr/4.3.5/../../../avr/lib/avr5/crtm32u4.o
__vector_default                                  /usr/lib/gcc/avr/4.3.5/../../../avr/lib/avr5/crtm32u4.o
__vectors                                         /usr/lib/gcc/avr/4.3.5/../../../avr/lib/avr5/crtm32u4.o
_exit                                             /usr/lib/gcc/avr/4.3.5/avr5/libgcc.a(_exit.o)
classic_init                                      wii_classic.o
                                                  classic2usb.o
classic_maj_data                                  wii_classic.o
                                                  classic2usb.o
exit                                              /usr/lib/gcc/avr/4.3.5/avr5/libgcc.a(_exit.o)
                                                  /usr/lib/gcc/avr/4.3.5/../../../avr/lib/avr5/crtm32u4.o
i2c_init                                          i2cmaster.o
                                                  wii_classic.o
i2c_readAck                                       i2cmaster.o
                                                  wii_classic.o
i2c_readNak                                       i2cmaster.o
                                                  wii_classic.o
i2c_rep_start                                     i2cmaster.o
i2c_start                                         i2cmaster.o
                                                  wii_classic.o
i2c_start_wait                                    i2cmaster.o
                                                  wii_classic.o
i2c_stop                                          i2cmaster.o
                                                  wii_classic.o
i2c_write                                         i2cmaster.o
                                                  wii_classic.o
main                                              classic2usb.o
                                                  /usr/lib/gcc/avr/4.3.5/../../../avr/lib/avr5/crtm32u4.o
memcmp                                            /usr/lib/gcc/avr/4.3.5/../../../avr/lib/avr5/libc.a(memcmp.o)
                                                  ../LUFA-110528/LUFA/Drivers/USB/Class/Device/HID.o
memcpy                                            /usr/lib/gcc/avr/4.3.5/../../../avr/lib/avr5/libc.a(memcpy.o)
                                                  ../LUFA-110528/LUFA/Drivers/USB/Class/Device/RNDIS.o
                                                  ../LUFA-110528/LUFA/Drivers/USB/Class/Device/HID.o
memcpy_P                                          /usr/lib/gcc/avr/4.3.5/../../../avr/lib/avr5/libc.a(memcpy_P.o)
                                                  ../LUFA-110528/LUFA/Drivers/USB/Class/Device/RNDIS.o
memset                                            /usr/lib/gcc/avr/4.3.5/../../../avr/lib/avr5/libc.a(memset.o)
                                                  ../LUFA-110528/LUFA/Drivers/USB/Class/Device/HID.o
